Archive member included to satisfy reference by file (symbol)

c:/nxp/s32ds.3.5/s32ds/build_tools/gcc_v10.2/gcc-10.2-arm32-eabi/bin/../lib/gcc/arm-none-eabi/10.2.0/../../../../arm-none-eabi/lib/thumb/v7e-m+fp/hard\libc_nano.a(lib_a-memmove.o)
                              ./RTD/src/Dem_stub.o (memmove)
c:/nxp/s32ds.3.5/s32ds/build_tools/gcc_v10.2/gcc-10.2-arm32-eabi/bin/../lib/gcc/arm-none-eabi/10.2.0/../../../../arm-none-eabi/lib/thumb/v7e-m+fp/hard\libc_nano.a(lib_a-memset.o)
                              ./Project_Settings/Startup_Code/startup.o (memset)

Discarded input sections

 .group         0x00000000        0xc ./Project_Settings/Startup_Code/exceptions.o
 .group         0x00000000        0xc ./Project_Settings/Startup_Code/exceptions.o
 .group         0x00000000        0xc ./Project_Settings/Startup_Code/exceptions.o
 .group         0x00000000        0xc ./Project_Settings/Startup_Code/exceptions.o
 .group         0x00000000        0xc ./Project_Settings/Startup_Code/exceptions.o
 .group         0x00000000        0xc ./Project_Settings/Startup_Code/exceptions.o
 .group         0x00000000        0xc ./Project_Settings/Startup_Code/exceptions.o
 .group         0x00000000        0xc ./Project_Settings/Startup_Code/exceptions.o
 .group         0x00000000        0xc ./Project_Settings/Startup_Code/exceptions.o
 .group         0x00000000        0xc ./Project_Settings/Startup_Code/exceptions.o
 .group         0x00000000        0xc ./Project_Settings/Startup_Code/exceptions.o
 .group         0x00000000        0xc ./Project_Settings/Startup_Code/exceptions.o
 .group         0x00000000        0xc ./Project_Settings/Startup_Code/exceptions.o
 .group         0x00000000        0xc ./Project_Settings/Startup_Code/exceptions.o
 .group         0x00000000        0xc ./Project_Settings/Startup_Code/exceptions.o
 .group         0x00000000        0xc ./Project_Settings/Startup_Code/exceptions.o
 .group         0x00000000        0xc ./Project_Settings/Startup_Code/exceptions.o
 .group         0x00000000        0xc ./Project_Settings/Startup_Code/exceptions.o
 .group         0x00000000        0xc ./Project_Settings/Startup_Code/exceptions.o
 .group         0x00000000        0xc ./Project_Settings/Startup_Code/exceptions.o
 .group         0x00000000        0xc ./Project_Settings/Startup_Code/exceptions.o
 .group         0x00000000        0xc ./Project_Settings/Startup_Code/exceptions.o
 .group         0x00000000        0xc ./Project_Settings/Startup_Code/exceptions.o
 .group         0x00000000        0xc ./Project_Settings/Startup_Code/exceptions.o
 .group         0x00000000        0xc ./Project_Settings/Startup_Code/exceptions.o
 .group         0x00000000        0xc ./Project_Settings/Startup_Code/exceptions.o
 .group         0x00000000        0xc ./Project_Settings/Startup_Code/nvic.o
 .group         0x00000000        0xc ./Project_Settings/Startup_Code/nvic.o
 .group         0x00000000        0xc ./Project_Settings/Startup_Code/nvic.o
 .group         0x00000000        0xc ./Project_Settings/Startup_Code/nvic.o
 .group         0x00000000        0xc ./Project_Settings/Startup_Code/nvic.o
 .group         0x00000000        0xc ./Project_Settings/Startup_Code/nvic.o
 .group         0x00000000        0xc ./Project_Settings/Startup_Code/nvic.o
 .group         0x00000000        0xc ./Project_Settings/Startup_Code/nvic.o
 .group         0x00000000        0xc ./Project_Settings/Startup_Code/nvic.o
 .group         0x00000000        0xc ./Project_Settings/Startup_Code/nvic.o
 .group         0x00000000        0xc ./Project_Settings/Startup_Code/nvic.o
 .group         0x00000000        0xc ./Project_Settings/Startup_Code/nvic.o
 .group         0x00000000        0xc ./Project_Settings/Startup_Code/nvic.o
 .group         0x00000000        0xc ./Project_Settings/Startup_Code/nvic.o
 .group         0x00000000        0xc ./Project_Settings/Startup_Code/nvic.o
 .group         0x00000000        0xc ./Project_Settings/Startup_Code/nvic.o
 .group         0x00000000        0xc ./Project_Settings/Startup_Code/nvic.o
 .group         0x00000000        0xc ./Project_Settings/Startup_Code/nvic.o
 .group         0x00000000        0xc ./Project_Settings/Startup_Code/nvic.o
 .group         0x00000000        0xc ./Project_Settings/Startup_Code/nvic.o
 .group         0x00000000        0xc ./Project_Settings/Startup_Code/nvic.o
 .group         0x00000000        0xc ./Project_Settings/Startup_Code/nvic.o
 .group         0x00000000        0xc ./Project_Settings/Startup_Code/nvic.o
 .group         0x00000000        0xc ./Project_Settings/Startup_Code/nvic.o
 .group         0x00000000        0xc ./Project_Settings/Startup_Code/nvic.o
 .group         0x00000000        0xc ./Project_Settings/Startup_Code/nvic.o
 .group         0x00000000        0xc ./Project_Settings/Startup_Code/nvic.o
 .group         0x00000000        0xc ./Project_Settings/Startup_Code/nvic.o
 .group         0x00000000        0xc ./Project_Settings/Startup_Code/nvic.o
[...]
Memory Configuration

Name             Origin             Length             Attributes
int_pflash       0x00400000         0x003d4000
int_dflash       0x10000000         0x00020000
int_itcm         0x00000000         0x00010000
int_dtcm         0x20000000         0x0001f000
int_stack_dtcm   0x2001f000         0x00001000
int_sram         0x20400000         0x0002ff00
int_sram_fls_rsv 0x2042ff00         0x00000100
int_sram_no_cacheable 0x20430000         0x0000ff00
int_sram_results 0x2043ff00         0x00000100
int_sram_shareable 0x20440000         0x00004000
ram_rsvd2        0x20444000         0x00000000
*default*        0x00000000         0xffffffff

Linker script and memory map

LOAD ./Project_Settings/Startup_Code/Vector_Table.o
LOAD ./Project_Settings/Startup_Code/exceptions.o
LOAD ./Project_Settings/Startup_Code/nvic.o
LOAD ./Project_Settings/Startup_Code/startup.o
LOAD ./Project_Settings/Startup_Code/startup_cm7.o
LOAD ./Project_Settings/Startup_Code/system.o
LOAD ./RTD/src/CDD_Mcl.o
LOAD ./RTD/src/CDD_Mcl_Ipw.o
LOAD ./RTD/src/Cache_Ip.o
LOAD ./RTD/src/Cache_Ip_HwAcc_ArmCoreMx.o
LOAD ./RTD/src/Clock_Ip.o
LOAD ./RTD/src/Clock_Ip_Data.o
LOAD ./RTD/src/Clock_Ip_Divider.o
LOAD ./RTD/src/Clock_Ip_DividerTrigger.o
LOAD ./RTD/src/Clock_Ip_ExtOsc.o
LOAD ./RTD/src/Clock_Ip_FracDiv.o
LOAD ./RTD/src/Clock_Ip_Frequency.o
LOAD ./RTD/src/Clock_Ip_Gate.o
LOAD ./RTD/src/Clock_Ip_IntOsc.o
LOAD ./RTD/src/Clock_Ip_Irq.o
LOAD ./RTD/src/Clock_Ip_Monitor.o
LOAD ./RTD/src/Clock_Ip_Pll.o
LOAD ./RTD/src/Clock_Ip_ProgFreqSwitch.o
LOAD ./RTD/src/Clock_Ip_Selector.o
LOAD ./RTD/src/Clock_Ip_Specific.o
LOAD ./RTD/src/Dem.o
LOAD ./RTD/src/Dem_stub.o
LOAD ./RTD/src/Det.o
LOAD ./RTD/src/Det_stub.o
LOAD ./RTD/src/Dio.o
LOAD ./RTD/src/Dio_Ipw.o
LOAD ./RTD/src/Dma_Ip.o
LOAD ./RTD/src/Dma_Ip_Driver_State.o
LOAD ./RTD/src/Dma_Ip_Hw_Access.o
LOAD ./RTD/src/Dma_Ip_Irq.o
LOAD ./RTD/src/Dma_Ip_Multicore.o
LOAD ./RTD/src/Emios_Mcl_Ip.o
LOAD ./RTD/src/Emios_Mcl_Ip_Irq.o
LOAD ./RTD/src/Emios_Pwm_Ip.o
LOAD ./RTD/src/Emios_Pwm_Ip_Irq.o
LOAD ./RTD/src/Etpu_Pwm_Ip.o
LOAD ./RTD/src/Etpu_Pwm_Ip_Irq.o
LOAD ./RTD/src/FlexPwm_Ip.o
LOAD ./RTD/src/FlexPwm_Ip_Irq.o
LOAD ./RTD/src/Flexio_Mcl_Ip.o
LOAD ./RTD/src/Flexio_Mcl_Ip_HwAccess.o
LOAD ./RTD/src/Flexio_Mcl_Ip_Irq.o
LOAD ./RTD/src/Flexio_Pwm_Ip.o
LOAD ./RTD/src/Flexio_Pwm_Ip_Irq.o
LOAD ./RTD/src/Igf_Port_Ip.o
LOAD ./RTD/src/Lcu_Ip.o
LOAD ./RTD/src/Lcu_Ip_Hw_Access.o
LOAD ./RTD/src/Lcu_Ip_Irq.o
LOAD ./RTD/src/Lcu_Ip_Multicore.o
LOAD ./RTD/src/Mcu.o
LOAD ./RTD/src/Mcu_Dem_Wrapper.o
LOAD ./RTD/src/Mcu_Ipw.o
LOAD ./RTD/src/OsIf_Interrupts.o
LOAD ./RTD/src/OsIf_Timer.o
LOAD ./RTD/src/OsIf_Timer_System.o
LOAD ./RTD/src/OsIf_Timer_System_Internal_Systick.o
LOAD ./RTD/src/Osif_Software_Semaphore.o
LOAD ./RTD/src/Port.o
LOAD ./RTD/src/Port_Ipw.o
LOAD ./RTD/src/Power_Ip.o
LOAD ./RTD/src/Power_Ip_AEC.o
LOAD ./RTD/src/Power_Ip_CortexM7.o
LOAD ./RTD/src/Power_Ip_DCM_GPR.o
LOAD ./RTD/src/Power_Ip_FLASH.o
LOAD ./RTD/src/Power_Ip_MC_ME.o
LOAD ./RTD/src/Power_Ip_MC_RGM.o
LOAD ./RTD/src/Power_Ip_MC_RGM_Irq.o
LOAD ./RTD/src/Power_Ip_PMC.o
LOAD ./RTD/src/Power_Ip_PMC_Irq.o
LOAD ./RTD/src/Power_Ip_Private.o
LOAD ./RTD/src/Pwm.o
LOAD ./RTD/src/Pwm_Ipw.o
LOAD ./RTD/src/Pwm_Ipw_Irq.o
LOAD ./RTD/src/Ram_Ip.o
LOAD ./RTD/src/SchM_Dio.o
LOAD ./RTD/src/SchM_Mcl.o
LOAD ./RTD/src/SchM_Mcu.o
LOAD ./RTD/src/SchM_Port.o
LOAD ./RTD/src/SchM_Pwm.o
LOAD ./RTD/src/Siul2_Dio_Ip.o
LOAD ./RTD/src/Siul2_Port_Ip.o
LOAD ./RTD/src/Trgmux_Ip.o
LOAD ./RTD/src/Trgmux_Ip_HwAcc.o
LOAD ./RTD/src/Tspc_Port_Ip.o
LOAD ./board/Siul2_Port_Ip_Cfg.o
LOAD ./board/Tspc_Port_Ip_Cfg.o
LOAD ./generate/src/CDD_Mcl_Cfg.o
LOAD ./generate/src/CDD_Mcl_VS_0_PBcfg.o
LOAD ./generate/src/Clock_Ip_Cfg.o
LOAD ./generate/src/Clock_Ip_VS_0_PBcfg.o
LOAD ./generate/src/Dio_Cfg.o
LOAD ./generate/src/Dma_Ip_Cfg.o
LOAD ./generate/src/Dma_Ip_VS_0_PBcfg.o
LOAD ./generate/src/Emios_Mcl_Ip_VS_0_PBcfg.o
LOAD ./generate/src/Emios_Pwm_Ip_VS_0_PBcfg.o
LOAD ./generate/src/Etpu_Pwm_Ip_VS_0_PBcfg.o
LOAD ./generate/src/FlexPwm_Ip_VS_0_PBcfg.o
LOAD ./generate/src/Flexio_Mcl_Ip_VS_0_PBcfg.o
LOAD ./generate/src/Flexio_Pwm_Ip_VS_0_PBcfg.o
LOAD ./generate/src/Igf_Port_Ip_VS_0_PBcfg.o
LOAD ./generate/src/Lcu_Ip_Cfg.o
LOAD ./generate/src/Lcu_Ip_VS_0_PBcfg.o
LOAD ./generate/src/Mcu_Cfg.o
LOAD ./generate/src/Mcu_VS_0_PBcfg.o
LOAD ./generate/src/OsIf_Cfg.o
LOAD ./generate/src/Port_Cfg.o
LOAD ./generate/src/Port_VS_0_PBcfg.o
LOAD ./generate/src/Power_Ip_Cfg.o
LOAD ./generate/src/Power_Ip_VS_0_PBcfg.o
LOAD ./generate/src/Pwm_VS_0_PBcfg.o
LOAD ./generate/src/Ram_Ip_Cfg.o
LOAD ./generate/src/Ram_Ip_VS_0_PBcfg.o
LOAD ./generate/src/Siul2_Port_Ip_VS_0_PBcfg.o
LOAD ./generate/src/Trgmux_Ip_Cfg.o
LOAD ./generate/src/Trgmux_Ip_VS_0_PBcfg.o
LOAD ./generate/src/Tspc_Port_Ip_VS_0_PBcfg.o
LOAD ./src/main.o
LOAD c:/nxp/s32ds.3.5/s32ds/build_tools/gcc_v10.2/gcc-10.2-arm32-eabi/bin/../lib/gcc/arm-none-eabi/10.2.0/../../../../arm-none-eabi/lib/thumb/v7e-m+fp/hard\libc_nano.a
LOAD c:/nxp/s32ds.3.5/s32ds/build_tools/gcc_v10.2/gcc-10.2-arm32-eabi/bin/../lib/gcc/arm-none-eabi/10.2.0/../../../../arm-none-eabi/lib/thumb/v7e-m+fp/hard\libm.a
LOAD c:/nxp/s32ds.3.5/s32ds/build_tools/gcc_v10.2/gcc-10.2-arm32-eabi/bin/../lib/gcc/arm-none-eabi/10.2.0/thumb/v7e-m+fp/hard\libgcc.a
START GROUP
LOAD c:/nxp/s32ds.3.5/s32ds/build_tools/gcc_v10.2/gcc-10.2-arm32-eabi/bin/../lib/gcc/arm-none-eabi/10.2.0/thumb/v7e-m+fp/hard\libgcc.a
LOAD c:/nxp/s32ds.3.5/s32ds/build_tools/gcc_v10.2/gcc-10.2-arm32-eabi/bin/../lib/gcc/arm-none-eabi/10.2.0/../../../../arm-none-eabi/lib/thumb/v7e-m+fp/hard\libg_nano.a
LOAD c:/nxp/s32ds.3.5/s32ds/build_tools/gcc_v10.2/gcc-10.2-arm32-eabi/bin/../lib/gcc/arm-none-eabi/10.2.0/../../../../arm-none-eabi/lib/thumb/v7e-m+fp/hard\libc_nano.a
END GROUP
START GROUP
LOAD c:/nxp/s32ds.3.5/s32ds/build_tools/gcc_v10.2/gcc-10.2-arm32-eabi/bin/../lib/gcc/arm-none-eabi/10.2.0/thumb/v7e-m+fp/hard\libgcc.a
LOAD c:/nxp/s32ds.3.5/s32ds/build_tools/gcc_v10.2/gcc-10.2-arm32-eabi/bin/../lib/gcc/arm-none-eabi/10.2.0/../../../../arm-none-eabi/lib/thumb/v7e-m+fp/hard\libc_nano.a
LOAD c:/nxp/s32ds.3.5/s32ds/build_tools/gcc_v10.2/gcc-10.2-arm32-eabi/bin/../lib/gcc/arm-none-eabi/10.2.0/../../../../arm-none-eabi/lib/thumb/v7e-m+fp/hard\libnosys.a
END GROUP
START GROUP
LOAD c:/nxp/s32ds.3.5/s32ds/build_tools/gcc_v10.2/gcc-10.2-arm32-eabi/bin/../lib/gcc/arm-none-eabi/10.2.0/thumb/v7e-m+fp/hard\libgcc.a
LOAD c:/nxp/s32ds.3.5/s32ds/build_tools/gcc_v10.2/gcc-10.2-arm32-eabi/bin/../lib/gcc/arm-none-eabi/10.2.0/../../../../arm-none-eabi/lib/thumb/v7e-m+fp/hard\libc_nano.a
LOAD c:/nxp/s32ds.3.5/s32ds/build_tools/gcc_v10.2/gcc-10.2-arm32-eabi/bin/../lib/gcc/arm-none-eabi/10.2.0/../../../../arm-none-eabi/lib/thumb/v7e-m+fp/hard\libnosys.a
END GROUP
                0x00002000                HEAP_SIZE = DEFINED (__heap_size__)?__heap_size__:0x2000
                0x20407fff                __STANDBY_RAM_LIMIT_END = 0x20407fff

.pflash         0x00400000    0x10988
 *(.boot_header)
 .boot_header   0x00400000      0x100 ./Project_Settings/Startup_Code/startup_cm7.o
                0x00402000                . = ALIGN (0x2000)
 *fill*         0x00400100     0x1f00 
                0x00402000                __text_start = .
                0x00402000                __interrupts_init_start = .
 *(.intc_vector)
 .intc_vector   0x00402000      0x408 ./Project_Settings/Startup_Code/Vector_Table.o
                0x00402000                VTABLE
                0x00402408                . = ALIGN (0x4)
                0x00402408                __interrupts_init_end = .
 *(.core_loop)
 .core_loop     0x00402408        0xc ./Project_Settings/Startup_Code/startup_cm7.o
                0x00402408                _core_loop
                0x00402414                . = ALIGN (0x4)
 *(.startup)
 *fill*         0x00402414        0xc 
 .startup       0x00402420      0x214 ./Project_Settings/Startup_Code/startup_cm7.o
                0x00402420                Reset_Handler
                0x00402420                _start
                0x004025b4                MCAL_LTB_TRACE_OFF
                0x004025b6                _end_of_eunit_test
                0x00402634                . = ALIGN (0x4)
 *(.systeminit)
                0x00402634                . = ALIGN (0x4)
 *(.text.startup)
 .text.startup  0x00402634       0x64 ./src/main.o
                0x00402634                main
                0x00402698                . = ALIGN (0x4)
 *(.text)
 .text          0x00402698        0x0 ./Project_Settings/Startup_Code/Vector_Table.o
 .text          0x00402698        0x0 ./Project_Settings/Startup_Code/exceptions.o
 .text          0x00402698        0x0 ./Project_Settings/Startup_Code/nvic.o
 .text          0x00402698        0x0 ./Project_Settings/Startup_Code/startup.o
 .text          0x00402698        0x0 ./Project_Settings/Startup_Code/startup_cm7.o
 .text          0x00402698       0x10 ./Project_Settings/Startup_Code/system.o
                0x00402698                Sys_GetCoreID
 .text          0x004026a8        0x0 ./RTD/src/CDD_Mcl.o
 .text          0x004026a8        0x0 ./RTD/src/CDD_Mcl_Ipw.o
 .text          0x004026a8        0x0 ./RTD/src/Cache_Ip.o
 .text          0x004026a8        0x0 ./RTD/src/Cache_Ip_HwAcc_ArmCoreMx.o
 .text          0x004026a8        0x0 ./RTD/src/Clock_Ip.o
 .text          0x004026a8        0x0 ./RTD/src/Clock_Ip_Data.o
 .text          0x004026a8        0x0 ./RTD/src/Clock_Ip_Divider.o
 .text          0x004026a8        0x0 ./RTD/src/Clock_Ip_DividerTrigger.o
 .text          0x004026a8        0x0 ./RTD/src/Clock_Ip_ExtOsc.o
 .text          0x004026a8        0x0 ./RTD/src/Clock_Ip_FracDiv.o
 .text          0x004026a8        0x0 ./RTD/src/Clock_Ip_Frequency.o
 .text          0x004026a8        0x0 ./RTD/src/Clock_Ip_Gate.o
 .text          0x004026a8        0x0 ./RTD/src/Clock_Ip_IntOsc.o
 .text          0x004026a8        0x0 ./RTD/src/Clock_Ip_Irq.o
 .text          0x004026a8        0x0 ./RTD/src/Clock_Ip_Monitor.o
 .text          0x004026a8        0x0 ./RTD/src/Clock_Ip_Pll.o
 .text          0x004026a8        0x0 ./RTD/src/Clock_Ip_ProgFreqSwitch.o
 .text          0x004026a8        0x0 ./RTD/src/Clock_Ip_Selector.o
 .text          0x004026a8        0x0 ./RTD/src/Clock_Ip_Specific.o
 .text          0x004026a8        0x0 ./RTD/src/Dem.o
 .text          0x004026a8        0x0 ./RTD/src/Dem_stub.o
 .text          0x004026a8        0x0 ./RTD/src/Det.o
 .text          0x004026a8        0x0 ./RTD/src/Det_stub.o
 .text          0x004026a8        0x0 ./RTD/src/Dio.o
 .text          0x004026a8        0x0 ./RTD/src/Dio_Ipw.o
 .text          0x004026a8        0x0 ./RTD/src/Dma_Ip.o
 .text          0x004026a8        0x0 ./RTD/src/Dma_Ip_Driver_State.o
 .text          0x004026a8        0x0 ./RTD/src/Dma_Ip_Hw_Access.o
 .text          0x004026a8        0x0 ./RTD/src/Dma_Ip_Irq.o
 .text          0x004026a8        0x0 ./RTD/src/Dma_Ip_Multicore.o
 .text          0x004026a8        0x0 ./RTD/src/Emios_Mcl_Ip.o
 .text          0x004026a8        0x0 ./RTD/src/Emios_Mcl_Ip_Irq.o
 .text          0x004026a8       0x14 ./RTD/src/Emios_Pwm_Ip.o
 .text          0x004026bc        0x0 ./RTD/src/Emios_Pwm_Ip_Irq.o
 .text          0x004026bc        0x0 ./RTD/src/Etpu_Pwm_Ip.o
 .text          0x004026bc        0x0 ./RTD/src/Etpu_Pwm_Ip_Irq.o
 .text          0x004026bc        0x0 ./RTD/src/FlexPwm_Ip.o
 .text          0x004026bc        0x0 ./RTD/src/FlexPwm_Ip_Irq.o
 .text          0x004026bc        0x0 ./RTD/src/Flexio_Mcl_Ip.o
 .text          0x004026bc        0x0 ./RTD/src/Flexio_Mcl_Ip_HwAccess.o
 .text          0x004026bc        0x0 ./RTD/src/Flexio_Mcl_Ip_Irq.o
 .text          0x004026bc        0x0 ./RTD/src/Flexio_Pwm_Ip.o
 .text          0x004026bc        0x0 ./RTD/src/Flexio_Pwm_Ip_Irq.o
 .text          0x004026bc        0x0 ./RTD/src/Igf_Port_Ip.o
 .text          0x004026bc        0x0 ./RTD/src/Lcu_Ip.o
 .text          0x004026bc        0x0 ./RTD/src/Lcu_Ip_Hw_Access.o
 .text          0x004026bc        0x0 ./RTD/src/Lcu_Ip_Irq.o
 .text          0x004026bc        0x0 ./RTD/src/Lcu_Ip_Multicore.o
 .text          0x004026bc        0x0 ./RTD/src/Mcu.o
 .text          0x004026bc        0x0 ./RTD/src/Mcu_Dem_Wrapper.o
 .text          0x004026bc        0x0 ./RTD/src/Mcu_Ipw.o
 .text          0x004026bc        0x0 ./RTD/src/OsIf_Interrupts.o
 .text          0x004026bc        0x0 ./RTD/src/OsIf_Timer.o
 .text          0x004026bc        0x0 ./RTD/src/OsIf_Timer_System.o
 .text          0x004026bc        0x0 ./RTD/src/OsIf_Timer_System_Internal_Systick.o
 .text          0x004026bc        0x0 ./RTD/src/Osif_Software_Semaphore.o
 .text          0x004026bc        0x0 ./RTD/src/Port.o
 .text          0x004026bc      0x3ac ./RTD/src/Port_Ipw.o
                0x004026bc                Port_Ipw_Init
                0x0040274c                Port_Ipw_SetPinDirection
                0x004027f8                Port_Ipw_SetPinMode
                0x004029f8                Port_Ipw_RefreshPortDirection
 .text          0x00402a68        0x0 ./RTD/src/Power_Ip.o
 .text          0x00402a68        0x0 ./RTD/src/Power_Ip_AEC.o
 .text          0x00402a68        0x0 ./RTD/src/Power_Ip_CortexM7.o
 .text          0x00402a68        0x0 ./RTD/src/Power_Ip_DCM_GPR.o
 .text          0x00402a68        0x0 ./RTD/src/Power_Ip_FLASH.o
 .text          0x00402a68        0x0 ./RTD/src/Power_Ip_MC_ME.o
 .text          0x00402a68        0x0 ./RTD/src/Power_Ip_MC_RGM.o
 .text          0x00402a68        0x0 ./RTD/src/Power_Ip_MC_RGM_Irq.o
 .text          0x00402a68        0x0 ./RTD/src/Power_Ip_PMC.o
 .text          0x00402a68        0x0 ./RTD/src/Power_Ip_PMC_Irq.o
 .text          0x00402a68        0x0 ./RTD/src/Power_Ip_Private.o
 .text          0x00402a68        0x0 ./RTD/src/Pwm.o
 .text          0x00402a68        0x0 ./RTD/src/Pwm_Ipw.o
 .text          0x00402a68        0x0 ./RTD/src/Pwm_Ipw_Irq.o
 .text          0x00402a68        0x0 ./RTD/src/Ram_Ip.o
 .text          0x00402a68        0x6 ./RTD/src/SchM_Dio.o
                0x00402a68                Dio_schm_read_msr
 .text          0x00402a6e        0x6 ./RTD/src/SchM_Mcl.o
                0x00402a6e                Mcl_schm_read_msr
 .text          0x00402a74        0x6 ./RTD/src/SchM_Mcu.o
                0x00402a74                Mcu_schm_read_msr
 .text          0x00402a7a        0x6 ./RTD/src/SchM_Port.o
                0x00402a7a                Port_schm_read_msr
 .text          0x00402a80        0x6 ./RTD/src/SchM_Pwm.o
                0x00402a80                Pwm_schm_read_msr
 .text          0x00402a86        0x0 ./RTD/src/Siul2_Dio_Ip.o
 .text          0x00402a86        0x0 ./RTD/src/Siul2_Port_Ip.o
 .text          0x00402a86        0x0 ./RTD/src/Trgmux_Ip.o
 .text          0x00402a86        0x0 ./RTD/src/Trgmux_Ip_HwAcc.o
 .text          0x00402a86        0x0 ./RTD/src/Tspc_Port_Ip.o
 .text          0x00402a86        0x0 ./board/Siul2_Port_Ip_Cfg.o
 .text          0x00402a86        0x0 ./board/Tspc_Port_Ip_Cfg.o
 .text          0x00402a86        0x0 ./generate/src/CDD_Mcl_Cfg.o
 .text          0x00402a86        0x0 ./generate/src/CDD_Mcl_VS_0_PBcfg.o
 .text          0x00402a86        0x0 ./generate/src/Clock_Ip_Cfg.o
 .text          0x00402a86        0x0 ./generate/src/Clock_Ip_VS_0_PBcfg.o
 .text          0x00402a86        0x0 ./generate/src/Dio_Cfg.o
 .text          0x00402a86        0x0 ./generate/src/Dma_Ip_Cfg.o
 .text          0x00402a86        0x0 ./generate/src/Dma_Ip_VS_0_PBcfg.o
 .text          0x00402a86        0x0 ./generate/src/Emios_Mcl_Ip_VS_0_PBcfg.o
 .text          0x00402a86        0x0 ./generate/src/Emios_Pwm_Ip_VS_0_PBcfg.o
 .text          0x00402a86        0x0 ./generate/src/Etpu_Pwm_Ip_VS_0_PBcfg.o
 .text          0x00402a86        0x0 ./generate/src/FlexPwm_Ip_VS_0_PBcfg.o
 .text          0x00402a86        0x0 ./generate/src/Flexio_Mcl_Ip_VS_0_PBcfg.o
 .text          0x00402a86        0x0 ./generate/src/Flexio_Pwm_Ip_VS_0_PBcfg.o
 .text          0x00402a86        0x0 ./generate/src/Igf_Port_Ip_VS_0_PBcfg.o
 .text          0x00402a86        0x0 ./generate/src/Lcu_Ip_Cfg.o
 .text          0x00402a86        0x0 ./generate/src/Lcu_Ip_VS_0_PBcfg.o
 .text          0x00402a86        0x0 ./generate/src/Mcu_Cfg.o
 .text          0x00402a86        0x0 ./generate/src/Mcu_VS_0_PBcfg.o
 .text          0x00402a86        0x0 ./generate/src/OsIf_Cfg.o
 .text          0x00402a86        0x0 ./generate/src/Port_Cfg.o
 .text          0x00402a86        0x0 ./generate/src/Port_VS_0_PBcfg.o
 .text          0x00402a86        0x0 ./generate/src/Power_Ip_Cfg.o
 .text          0x00402a86        0x0 ./generate/src/Power_Ip_VS_0_PBcfg.o
 .text          0x00402a86        0x0 ./generate/src/Pwm_VS_0_PBcfg.o
 .text          0x00402a86        0x0 ./generate/src/Ram_Ip_Cfg.o
 .text          0x00402a86        0x0 ./generate/src/Ram_Ip_VS_0_PBcfg.o
 .text          0x00402a86        0x0 ./generate/src/Siul2_Port_Ip_VS_0_PBcfg.o
 .text          0x00402a86        0x0 ./generate/src/Trgmux_Ip_Cfg.o
 .text          0x00402a86        0x0 ./generate/src/Trgmux_Ip_VS_0_PBcfg.o
 .text          0x00402a86        0x0 ./generate/src/Tspc_Port_Ip_VS_0_PBcfg.o
 *fill*         0x00402a86        0x2 
 .text          0x00402a88      0x17c ./src/main.o
                0x00402ab4                RgbColorShowcase
 .text          0x00402c04        0x0 c:/nxp/s32ds.3.5/s32ds/build_tools/gcc_v10.2/gcc-10.2-arm32-eabi/bin/../lib/gcc/arm-none-eabi/10.2.0/../../../../arm-none-eabi/lib/thumb/v7e-m+fp/hard\libc_nano.a(lib_a-memmove.o)
 .text          0x00402c04        0x0 c:/nxp/s32ds.3.5/s32ds/build_tools/gcc_v10.2/gcc-10.2-arm32-eabi/bin/../lib/gcc/arm-none-eabi/10.2.0/../../../../arm-none-eabi/lib/thumb/v7e-m+fp/hard\libc_nano.a(lib_a-memset.o)
 *(.text*)
 .text.memmove  0x00402c04       0x34 c:/nxp/s32ds.3.5/s32ds/build_tools/gcc_v10.2/gcc-10.2-arm32-eabi/bin/../lib/gcc/arm-none-eabi/10.2.0/../../../../arm-none-eabi/lib/thumb/v7e-m+fp/hard\libc_nano.a(lib_a-memmove.o)
                0x00402c04                memmove
 .text.memset   0x00402c38       0x10 c:/nxp/s32ds.3.5/s32ds/build_tools/gcc_v10.2/gcc-10.2-arm32-eabi/bin/../lib/gcc/arm-none-eabi/10.2.0/../../../../arm-none-eabi/lib/thumb/v7e-m+fp/hard\libc_nano.a(lib_a-memset.o)
                0x00402c38                memset
                0x00402c48                . = ALIGN (0x4)
 *(.mcal_text)
 .mcal_text     0x00402c48       0x14 ./Project_Settings/Startup_Code/exceptions.o
                0x00402c48                NMI_Handler
                0x00402c4a                HardFault_Handler
                0x00402c4c                MemManage_Handler
                0x00402c4e                BusFault_Handler
                0x00402c50                UsageFault_Handler
                0x00402c52                SVC_Handler
                0x00402c54                DebugMon_Handler
                0x00402c56                PendSV_Handler
                0x00402c58                SysTick_Handler
                0x00402c5a                undefined_handler
 .mcal_text     0x00402c5c       0x52 ./Project_Settings/Startup_Code/nvic.o
                0x00402c5c                NVIC_SetPriorityGrouping
                0x00402c70                NVIC_EnableIRQ
                0x00402c88                NVIC_DisableIRQ
                0x00402ca0                NVIC_SetPriority
 *fill*         0x00402cae        0x2 
 .mcal_text     0x00402cb0       0xe8 ./Project_Settings/Startup_Code/startup.o
                0x00402cb0                init_data_bss
                0x00402d3c                init_data_bss_core2
 .mcal_text     0x00402d98      0x328 ./Project_Settings/Startup_Code/system.o
                0x00402d98                startup_go_to_user_mode
                0x00402d9a                default_interrupt_routine
                0x00402d9c                SystemInit
                0x004030a4                Enable_FPU
 .mcal_text     0x004030c0       0xf0 ./RTD/src/CDD_Mcl.o
                0x004030c0                Mcl_Init
                0x00403110                Mcl_DeInit
                0x00403150                Mcl_Emios_SetReloadInterval
                0x0040315a                Mcl_Emios_SetCounterBusPeriod
                0x00403182                Mcl_EmiosConfigureGlobalTimebase
                0x00403186                Mcl_Emios_SetClockMode
 .mcal_text     0x004031b0      0x88c ./RTD/src/Clock_Ip.o
                0x004031b2                Clock_Ip_InitClock
                0x00403760                Clock_Ip_GetPllStatus
                0x00403804                Clock_Ip_DistributePll
                0x004038f0                Clock_Ip_Init
                0x00403914                Clock_Ip_DisableClockMonitor
                0x00403938                Clock_Ip_InstallNotificationsCallback
                0x00403944                Clock_Ip_DisableModuleClock
                0x0040396c                Clock_Ip_EnableModuleClock
                0x00403994                Clock_Ip_DisableFircInStandby
                0x004039ac                Clock_Ip_EnableFircInStandby
                0x004039c4                Clock_Ip_DisableSircInStandby
                0x004039dc                Clock_Ip_EnableSircInStandby
                0x004039f4                Clock_Ip_ReportClockErrors
                0x00403a00                Clock_Ip_StartTimeout
                0x00403a20                Clock_Ip_TimeoutExpired
 .mcal_text     0x00403a3c      0x1dc ./RTD/src/Clock_Ip_Divider.o
 .mcal_text     0x00403c18       0x98 ./RTD/src/Clock_Ip_DividerTrigger.o
 .mcal_text     0x00403cb0      0x214 ./RTD/src/Clock_Ip_ExtOsc.o
 .mcal_text     0x00403ec4        0x6 ./RTD/src/Clock_Ip_FracDiv.o
 .mcal_text     0x00403eca        0x2 ./RTD/src/Clock_Ip_Frequency.o
                0x00403eca                Clock_Ip_SetExternalSignalFrequency
 .mcal_text     0x00403ecc      0x150 ./RTD/src/Clock_Ip_Gate.o
 .mcal_text     0x0040401c      0x104 ./RTD/src/Clock_Ip_IntOsc.o
 .mcal_text     0x00404120        0x4 ./RTD/src/Clock_Ip_Irq.o
                0x00404120                Mcu_Cmu_ClockFail_IRQHandler
 .mcal_text     0x00404124      0x200 ./RTD/src/Clock_Ip_Monitor.o
                0x004042e0                Clock_Ip_CMU_ClockFailInt
 .mcal_text     0x00404324      0x188 ./RTD/src/Clock_Ip_Pll.o
 .mcal_text     0x004044ac      0x130 ./RTD/src/Clock_Ip_ProgFreqSwitch.o
 .mcal_text     0x004045dc      0x3dc ./RTD/src/Clock_Ip_Selector.o
                0x0040498c                Clock_Ip_SetRtcRtccClksel_TrustedCall
 .mcal_text     0x004049b8      0x334 ./RTD/src/Clock_Ip_Specific.o
                0x004049b8                Clock_Ip_McMeEnterKey
                0x004049cc                Clock_Ip_PowerClockIpModules
                0x00404c38                DisableFircInStandbyMode
                0x00404c48                EnableFircInStandbyMode
                0x00404c64                DisableSircInStandbyMode
                0x00404c74                EnableSircInStandbyMode
                0x00404c90                Clock_Ip_Command
                0x00404ce0                Clock_Ip_FLASH_SetFlashIWS
                0x00404ce4                Clock_Ip_SetFlashWaitStates
                0x00404ce8                Clock_Ip_SetRamWaitStates
 .mcal_text     0x00404cec       0xf0 ./RTD/src/Dem.o
                0x00404cec                Dem_SetEventStatus
                0x00404d4c                Dem_ReportErrorStatusPreExtData
 .mcal_text     0x00404ddc      0x23c ./RTD/src/Dem_stub.o
                0x00404ddc                Dem_TestLastReportErrorStatus
                0x00404e74                Dem_TestNoError
                0x00404eb8                Dem_TestLastReportErrorStatusPreExtData
                0x00404fa0                Dem_ClearEvents
                0x00404fb4                Dem_GetEvent
                0x00404ff4                Dem_GetEventCount
                0x00405008                Dem_BufferOverflow
 .mcal_text     0x00405018      0x5fc ./RTD/src/Det.o
                0x00405018                Det_Start
                0x0040501a                Det_InitDataNode
                0x004050a0                Det_LinkNodeToHead
                0x004050d0                Det_DelAllNodesSameId
                0x004051ce                Det_FreeNodesInLinkedList
                0x004052fa                Det_Init
                0x00405500                Det_ReportError
                0x0040555c                Det_ReportRuntimeError
                0x004055b8                Det_ReportTransientFault
 .mcal_text     0x00405614      0x1c8 ./RTD/src/Det_stub.o
                0x00405614                Det_TestLastReportError
                0x00405660                Det_TestLastReportRuntimeError
                0x004056ac                Det_TestLastReportTransientFault
                0x004056f8                Det_TestNoError
                0x00405744                Det_TestNoRuntimeError
                0x00405790                Det_TestNoTransientFault
 .mcal_text     0x004057dc       0x1c ./RTD/src/Dio.o
                0x004057dc                Dio_ReadChannel
                0x004057e0                Dio_WriteChannel
                0x004057e4                Dio_FlipChannel
                0x004057e8                Dio_ReadPort
                0x004057ec                Dio_WritePort
                0x004057f0                Dio_ReadChannelGroup
                0x004057f4                Dio_WriteChannelGroup
 .mcal_text     0x004057f8      0x1d0 ./RTD/src/Dio_Ipw.o
                0x004057f8                Dio_Ipw_ReadChannel
                0x00405830                Dio_Ipw_WriteChannel
                0x00405864                Dio_Ipw_FlipChannel
                0x004058bc                Dio_Ipw_ReadPort
                0x004058f0                Dio_Ipw_WritePort
                0x00405924                Dio_Ipw_ReadChannelGroup
                0x0040598c                Dio_Ipw_WriteChannelGroup
 .mcal_text     0x004059c8      0x30c ./RTD/src/Emios_Mcl_Ip.o
                0x004059c8                Emios_Mcl_Ip_Init
                0x00405b0c                Emios_Mcl_Ip_EnableChannel
                0x00405b28                Emios_Mcl_Ip_DisableChannel
                0x00405b40                Emios_Mcl_Ip_ComparatorTransferEnable
                0x00405b54                Emios_Mcl_Ip_ComparatorTransferDisable
                0x00405b74                Emios_Mcl_Ip_Deinit
                0x00405be0                Emios_Mcl_Ip_SetReloadInterval
                0x00405bf8                Emios_Mcl_Ip_ValidateChannel
                0x00405c14                Emios_Mcl_Ip_SetCounterBusPeriod
                0x00405c58                Emios_Mcl_Ip_GetCounterBusPeriod
                0x00405c6c                Emios_Mcl_Ip_ConfigureGlobalTimebase
                0x00405c88                Emios_Mcl_Ip_SetClockMode
 .mcal_text     0x00405cd4     0x1054 ./RTD/src/Emios_Pwm_Ip.o
                0x00405da0                Emios_Pwm_Ip_InitChannel
                0x00406070                Emios_Pwm_Ip_DeInitChannel
                0x0040610c                Emios_Pwm_Ip_ForceMatchLeadingEdge
                0x00406158                Emios_Pwm_Ip_ForceMatchTrailingEdge
                0x004061a4                Emios_Pwm_Ip_GetPeriod
                0x00406220                Emios_Pwm_Ip_SetPeriod
                0x00406294                Emios_Pwm_Ip_GetDutyCycle
                0x004062d8                Emios_Pwm_Ip_SetDutyCycle
                0x00406428                Emios_Pwm_Ip_GetPhaseShift
                0x004064a0                Emios_Pwm_Ip_SetPhaseShift
                0x00406578                Emios_Pwm_Ip_GetDeadTime
                0x004065c4                Emios_Pwm_Ip_SetDeadTime
                0x00406610                Emios_Pwm_Ip_GetTriggerPlacement
                0x00406678                Emios_Pwm_Ip_SetTriggerPlacement
                0x0040675c                Emios_Pwm_Ip_ChannelEnterDebugMode
                0x004067ac                Emios_Pwm_Ip_ChannelStopDebugMode
                0x004067ec                Emios_Pwm_Ip_GetFlagRequest
                0x0040682c                Emios_Pwm_Ip_SetFlagRequest
                0x004068dc                Emios_Pwm_Ip_GetOutputState
                0x00406910                Emios_Pwm_Ip_SetOutputState
                0x004069cc                Emios_Pwm_Ip_SetOutputToNormal
                0x00406a88                Emios_Pwm_Ip_GetChannelMode
                0x00406acc                Emios_Pwm_Ip_GetMasterBusChannel
                0x00406b14                Emios_Pwm_Ip_SetPreEnableClock
                0x00406b60                Emios_Pwm_Ip_SetBusSelected
                0x00406bac                Emios_Pwm_Ip_SetClockPs
                0x00406c08                Emios_Pwm_Ip_ComparatorTransferEnable
                0x00406c30                Emios_Pwm_Ip_ComparatorTransferDisable
                0x00406c58                Emios_Pwm_Ip_SyncUpdate
                0x00406cc4                Emios_Pwm_Ip_UpdateUCRegA
                0x00406cf4                Emios_Pwm_Ip_UpdateUCRegB
 .mcal_text     0x00406d28       0xa4 ./RTD/src/Emios_Pwm_Ip_Irq.o
                0x00406d28                Emios_Pwm_Ip_IrqHandler
 .mcal_text     0x00406dcc       0x54 ./RTD/src/Flexio_Mcl_Ip.o
                0x00406dcc                Flexio_Mcl_Ip_InitDevice
                0x00406e04                Flexio_Mcl_Ip_DeinitDevice
 .mcal_text     0x00406e20      0x18e ./RTD/src/Flexio_Mcl_Ip_HwAccess.o
                0x00406e20                Flexio_Mcl_Ip_SetSoftwareReset
                0x00406e44                Flexio_Mcl_Ip_SetDebugEnable
                0x00406e6a                Flexio_Mcl_Ip_SetEnable
                0x00406e8c                Flexio_Mcl_Ip_GetShifterStatus
                0x00406e96                Flexio_Mcl_Ip_GetAllShifterStatus
                0x00406e9a                Flexio_Mcl_Ip_ClearShifterStatus
                0x00406ea4                Flexio_Mcl_Ip_GetShifterErrorStatus
                0x00406eae                Flexio_Mcl_Ip_GetAllShifterErrorStatus
                0x00406eb2                Flexio_Mcl_Ip_ClearShifterErrorStatus
                0x00406ebc                Flexio_Mcl_Ip_GetTimerStatus
                0x00406ec6                Flexio_Mcl_Ip_GetTimerInterruptEnable
                0x00406ed0                Flexio_Mcl_Ip_GetAllTimerStatus
                0x00406ed4                Flexio_Mcl_Ip_ClearTimerStatus
                0x00406ede                Flexio_Mcl_Ip_GetAllShifterInterrupt
                0x00406ee2                Flexio_Mcl_Ip_GetAllShifterErrorInterrupt
                0x00406ee6                Flexio_Mcl_Ip_SetShifterErrorInterrupt
                0x00406f06                Flexio_Mcl_Ip_SetShifterInterrupt
                0x00406f26                Flexio_Mcl_Ip_GetAllPinsStatus
                0x00406f2a                Flexio_Mcl_Ip_GetAllPinsInterrupt
                0x00406f2e                Flexio_Mcl_Ip_SetShifterDMARequest
                0x00406f4e                Flexio_Mcl_Ip_GetAllTimerInterrupt
                0x00406f52                Flexio_Mcl_Ip_SetTimerInterrupt
                0x00406f72                Flexio_Mcl_Ip_Init
                0x00406f82                Flexio_Mcl_Ip_SetTimerDMARequest
                0x00406fa2                Flexio_Mcl_Ip_ClearPinStatus
 *fill*         0x00406fae        0x2 
 .mcal_text     0x00406fb0       0x34 ./RTD/src/Flexio_Mcl_Ip_Irq.o
                0x00406fb0                MCL_FLEXIO_ISR
 .mcal_text     0x00406fe4      0x108 ./RTD/src/Mcu.o
                0x00406fe4                Mcu_Init
                0x0040705c                Mcu_InitRamSection
                0x0040707c                Mcu_InitClock
                0x004070a0                Mcu_SetMode
                0x004070c0                Mcu_GetPllStatus
                0x004070c4                Mcu_GetResetReason
                0x004070d8                Mcu_GetResetRawValue
                0x004070dc                Mcu_SleepOnExit
                0x004070e0                Mcu_ClkSrcFailureNotification
                0x004070e2                Mcu_LastMileEnable
                0x004070e6                Mcu_LastMileDisable
 .mcal_text     0x004070ec       0x68 ./RTD/src/Mcu_Ipw.o
                0x004070ec                Mcu_Ipw_ClockNotificationsCallback
                0x004070f6                Mcu_Ipw_Init
                0x00407110                Mcu_Ipw_InitRamSection
                0x0040711e                Mcu_Ipw_InitClock
                0x00407122                Mcu_Ipw_SetMode
                0x0040713a                Mcu_Ipw_GetResetReason
                0x0040713e                Mcu_Ipw_GetResetRawValue
                0x00407142                Mcu_Ipw_SleepOnExit
                0x0040714c                Mcu_Ipw_LastMileEnable
                0x00407150                Mcu_Ipw_LastMileDisable
 .mcal_text     0x00407154       0x1e ./RTD/src/OsIf_Timer.o
                0x00407154                OsIf_Init
                0x0040715c                OsIf_GetCounter
                0x00407160                OsIf_GetElapsed
                0x00407168                OsIf_SetTimerFrequency
                0x0040716a                OsIf_MicrosToTicks
 .mcal_text     0x00407172       0x4c ./RTD/src/OsIf_Timer_System_Internal_Systick.o
                0x00407172                OsIf_Timer_System_Internal_Init
                0x00407188                OsIf_Timer_System_Internal_GetCounter
                0x00407194                OsIf_Timer_System_Internal_GetElapsed
 .mcal_text     0x004071be       0x4a ./RTD/src/Osif_Software_Semaphore.o
                0x004071be                Osif_Software_Semaphore_Lock
                0x004071e2                Osif_Software_Semaphore_Unlock
 .mcal_text     0x00407208       0xd8 ./RTD/src/Port.o
                0x00407208                Port_Init
                0x00407238                Port_SetPinDirection
                0x00407268                Port_SetPinMode
                0x00407294                Port_RefreshPortDirection
                0x004072c0                Port_GetVersionInfo
 .mcal_text     0x004072e0       0x78 ./RTD/src/Port_Ipw.o
 .mcal_text     0x00407358       0xf0 ./RTD/src/Power_Ip.o
                0x00407390                Power_Ip_SetMode
                0x004073f8                Power_Ip_GetPreviousMode
                0x004073fc                Power_Ip_GetResetReason
                0x00407418                Power_Ip_GetResetRawValue
                0x0040741c                Power_Ip_Init
                0x0040742e                Power_Ip_InstallNotificationsCallback
                0x00407438                Power_Ip_EnableSleepOnExit
                0x0040743c                Power_Ip_DisableSleepOnExit
                0x00407440                Power_Ip_EnableLastMile
                0x00407444                Power_Ip_DisableLastMile
 .mcal_text     0x00407448       0x48 ./RTD/src/Power_Ip_CortexM7.o
                0x00407448                Power_Ip_CM7_DisableSleepOnExit
                0x0040745a                Power_Ip_CM7_EnableSleepOnExit
                0x0040746c                Power_Ip_CM7_DisableDeepSleep
                0x0040747e                Power_Ip_CM7_EnableDeepSleep
 .mcal_text     0x00407490       0x4c ./RTD/src/Power_Ip_DCM_GPR.o
                0x00407490                Power_Ip_DCM_GPR_Config
                0x004074c0                Power_Ip_DCM_GPR_GlobalPadkeepingConfig
 .mcal_text     0x004074dc       0x10 ./RTD/src/Power_Ip_FLASH.o
                0x004074dc                Power_Ip_FLASH_HighVoltageOperationOngoing
 .mcal_text     0x004074ec      0x3a8 ./RTD/src/Power_Ip_MC_ME.o
                0x004075aa                Power_Ip_MC_ME_ConfigCoreCOFBClock
                0x004077b4                Power_Ip_MC_ME_EnablePartitionClock
                0x004077e2                Power_Ip_MC_ME_DisablePartitionClock
                0x00407810                Power_Ip_MC_ME_SocTriggerResetEvent
                0x00407838                Power_Ip_MC_ME_CoreStandbyEntry
                0x0040784e                Power_Ip_MC_ME_SocStandbyEntry
                0x00407880                Power_Ip_MC_ME_GetPreviousMode
 .mcal_text     0x00407894      0x254 ./RTD/src/Power_Ip_MC_RGM.o
                0x00407924                Power_Ip_MC_RGM_ResetInit
                0x0040795c                Power_Ip_MC_RGM_GetResetReason
                0x00407a10                Power_Ip_MC_RGM_GetResetReason_Uint
                0x00407a14                Power_Ip_MC_RGM_GetResetRawValue
                0x00407ac4                Power_Ip_MC_RGM_ResetDuringStandby
 .mcal_text     0x00407ae8      0x18c ./RTD/src/Power_Ip_PMC.o
                0x00407ae8                Power_Ip_PMC_PowerInit
                0x00407b90                Power_Ip_PMC_PrepareLowPowerEntry
                0x00407bc0                Power_Ip_PMC_EnableLastMile
                0x00407c58                Power_Ip_PMC_DisableLastMile
 .mcal_text     0x00407c74       0x4c ./RTD/src/Power_Ip_Private.o
                0x00407c74                Power_Ip_ReportPowerErrors
                0x00407c80                Power_Ip_ReportPowerErrorsEmptyCallback
                0x00407c82                Power_Ip_StartTimeout
                0x00407ca2                Power_Ip_TimeoutExpired
 .mcal_text     0x00407cc0      0x280 ./RTD/src/Pwm.o
                0x00407cf4                Pwm_Init
                0x00407d48                Pwm_DeInit
                0x00407d90                Pwm_SetDutyCycle
                0x00407dd8                Pwm_SetPeriodAndDuty
                0x00407e50                Pwm_GetOutputState
                0x00407e98                Pwm_DisableNotification
                0x00407ec0                Pwm_EnableNotification
                0x00407f20                Pwm_Notification
 .mcal_text     0x00407f40      0x230 ./RTD/src/Pwm_Ipw.o
                0x00407f40                Pwm_Ipw_Init
                0x00407f52                Pwm_Ipw_DeInit
                0x00407f80                Pwm_Ipw_SetDutyCycle
                0x00407fc6                Pwm_Ipw_SetPeriodAndDuty
                0x00408012                Pwm_Ipw_GetOutputState
                0x00408030                Pwm_Ipw_DisableNotification
                0x0040804c                Pwm_Ipw_EnableNotification
                0x00408066                Pwm_Ipw_ValidateNotification
                0x00408164                Pwm_Ipw_GetMaxPeriodValue
                0x0040816a                Pwm_Ipw_ValidateGetOutputState
 .mcal_text     0x00408170       0x18 ./RTD/src/Pwm_Ipw_Irq.o
                0x00408170                Pwm_Ipw_EmiosNotification
                0x00408174                Pwm_Ipw_FlexioNotification
                0x0040817c                Pwm_Ipw_FlexPwmNotification
                0x00408184                Pwm_Ipw_EtpuNotification
 .mcal_text     0x00408188      0x134 ./RTD/src/Ram_Ip.o
                0x00408188                Ram_Ip_InitRamSection
 .mcal_text     0x004082bc       0xc8 ./RTD/src/SchM_Dio.o
                0x004082bc                SchM_Enter_Dio_DIO_EXCLUSIVE_AREA_00
                0x004082f0                SchM_Exit_Dio_DIO_EXCLUSIVE_AREA_00
                0x00408320                SchM_Enter_Dio_DIO_EXCLUSIVE_AREA_01
                0x00408354                SchM_Exit_Dio_DIO_EXCLUSIVE_AREA_01
 .mcal_text     0x00408384     0x12c0 ./RTD/src/SchM_Mcl.o
                0x00408384                SchM_Enter_Mcl_MCL_EXCLUSIVE_AREA_00
                0x004083b8                SchM_Exit_Mcl_MCL_EXCLUSIVE_AREA_00
                0x004083e8                SchM_Enter_Mcl_MCL_EXCLUSIVE_AREA_01
                0x0040841c                SchM_Exit_Mcl_MCL_EXCLUSIVE_AREA_01
                0x0040844c                SchM_Enter_Mcl_MCL_EXCLUSIVE_AREA_02
                0x00408480                SchM_Exit_Mcl_MCL_EXCLUSIVE_AREA_02
                0x004084b0                SchM_Enter_Mcl_MCL_EXCLUSIVE_AREA_03
                0x004084e4                SchM_Exit_Mcl_MCL_EXCLUSIVE_AREA_03
                0x00408514                SchM_Enter_Mcl_MCL_EXCLUSIVE_AREA_04
                0x00408548                SchM_Exit_Mcl_MCL_EXCLUSIVE_AREA_04
                0x00408578                SchM_Enter_Mcl_MCL_EXCLUSIVE_AREA_05
                0x004085ac                SchM_Exit_Mcl_MCL_EXCLUSIVE_AREA_05
                0x004085dc                SchM_Enter_Mcl_MCL_EXCLUSIVE_AREA_06
                0x00408610                SchM_Exit_Mcl_MCL_EXCLUSIVE_AREA_06
                0x00408640                SchM_Enter_Mcl_MCL_EXCLUSIVE_AREA_07
                0x00408674                SchM_Exit_Mcl_MCL_EXCLUSIVE_AREA_07
                0x004086a4                SchM_Enter_Mcl_MCL_EXCLUSIVE_AREA_08
                0x004086d8                SchM_Exit_Mcl_MCL_EXCLUSIVE_AREA_08
                0x00408708                SchM_Enter_Mcl_MCL_EXCLUSIVE_AREA_09
                0x0040873c                SchM_Exit_Mcl_MCL_EXCLUSIVE_AREA_09
                0x0040876c                SchM_Enter_Mcl_MCL_EXCLUSIVE_AREA_10
                0x004087a0                SchM_Exit_Mcl_MCL_EXCLUSIVE_AREA_10
                0x004087d0                SchM_Enter_Mcl_MCL_EXCLUSIVE_AREA_11
                0x00408804                SchM_Exit_Mcl_MCL_EXCLUSIVE_AREA_11
                0x00408834                SchM_Enter_Mcl_MCL_EXCLUSIVE_AREA_12
                0x00408868                SchM_Exit_Mcl_MCL_EXCLUSIVE_AREA_12
                0x00408898                SchM_Enter_Mcl_MCL_EXCLUSIVE_AREA_13
                0x004088cc                SchM_Exit_Mcl_MCL_EXCLUSIVE_AREA_13
                0x004088fc                SchM_Enter_Mcl_MCL_EXCLUSIVE_AREA_14
                0x00408930                SchM_Exit_Mcl_MCL_EXCLUSIVE_AREA_14
                0x00408960                SchM_Enter_Mcl_MCL_EXCLUSIVE_AREA_15
                0x00408994                SchM_Exit_Mcl_MCL_EXCLUSIVE_AREA_15
                0x004089c4                SchM_Enter_Mcl_MCL_EXCLUSIVE_AREA_16
                0x004089f8                SchM_Exit_Mcl_MCL_EXCLUSIVE_AREA_16
                0x00408a28                SchM_Enter_Mcl_MCL_EXCLUSIVE_AREA_17
                0x00408a5c                SchM_Exit_Mcl_MCL_EXCLUSIVE_AREA_17
                0x00408a8c                SchM_Enter_Mcl_MCL_EXCLUSIVE_AREA_18
                0x00408ac0                SchM_Exit_Mcl_MCL_EXCLUSIVE_AREA_18
                0x00408af0                SchM_Enter_Mcl_MCL_EXCLUSIVE_AREA_19
                0x00408b24                SchM_Exit_Mcl_MCL_EXCLUSIVE_AREA_19
                0x00408b54                SchM_Enter_Mcl_MCL_EXCLUSIVE_AREA_20
                0x00408b88                SchM_Exit_Mcl_MCL_EXCLUSIVE_AREA_20
                0x00408bb8                SchM_Enter_Mcl_MCL_EXCLUSIVE_AREA_21
                0x00408bec                SchM_Exit_Mcl_MCL_EXCLUSIVE_AREA_21
                0x00408c1c                SchM_Enter_Mcl_MCL_EXCLUSIVE_AREA_22
                0x00408c50                SchM_Exit_Mcl_MCL_EXCLUSIVE_AREA_22
                0x00408c80                SchM_Enter_Mcl_MCL_EXCLUSIVE_AREA_23
                0x00408cb4                SchM_Exit_Mcl_MCL_EXCLUSIVE_AREA_23
                0x00408ce4                SchM_Enter_Mcl_MCL_EXCLUSIVE_AREA_24
                0x00408d18                SchM_Exit_Mcl_MCL_EXCLUSIVE_AREA_24
                0x00408d48                SchM_Enter_Mcl_MCL_EXCLUSIVE_AREA_25
                0x00408d7c                SchM_Exit_Mcl_MCL_EXCLUSIVE_AREA_25
                0x00408dac                SchM_Enter_Mcl_MCL_EXCLUSIVE_AREA_26
                0x00408de0                SchM_Exit_Mcl_MCL_EXCLUSIVE_AREA_26
                0x00408e10                SchM_Enter_Mcl_MCL_EXCLUSIVE_AREA_27
                0x00408e44                SchM_Exit_Mcl_MCL_EXCLUSIVE_AREA_27
                0x00408e74                SchM_Enter_Mcl_MCL_EXCLUSIVE_AREA_28
                0x00408ea8                SchM_Exit_Mcl_MCL_EXCLUSIVE_AREA_28
                0x00408ed8                SchM_Enter_Mcl_MCL_EXCLUSIVE_AREA_29
                0x00408f0c                SchM_Exit_Mcl_MCL_EXCLUSIVE_AREA_29
                0x00408f3c                SchM_Enter_Mcl_MCL_EXCLUSIVE_AREA_30
                0x00408f70                SchM_Exit_Mcl_MCL_EXCLUSIVE_AREA_30
                0x00408fa0                SchM_Enter_Mcl_MCL_EXCLUSIVE_AREA_31
                0x00408fd4                SchM_Exit_Mcl_MCL_EXCLUSIVE_AREA_31
                0x00409004                SchM_Enter_Mcl_MCL_EXCLUSIVE_AREA_32
                0x00409038                SchM_Exit_Mcl_MCL_EXCLUSIVE_AREA_32
                0x00409068                SchM_Enter_Mcl_MCL_EXCLUSIVE_AREA_33
                0x0040909c                SchM_Exit_Mcl_MCL_EXCLUSIVE_AREA_33
                0x004090cc                SchM_Enter_Mcl_MCL_EXCLUSIVE_AREA_34
                0x00409100                SchM_Exit_Mcl_MCL_EXCLUSIVE_AREA_34
                0x00409130                SchM_Enter_Mcl_MCL_EXCLUSIVE_AREA_35
                0x00409164                SchM_Exit_Mcl_MCL_EXCLUSIVE_AREA_35
                0x00409194                SchM_Enter_Mcl_MCL_EXCLUSIVE_AREA_36
                0x004091c8                SchM_Exit_Mcl_MCL_EXCLUSIVE_AREA_36
                0x004091f8                SchM_Enter_Mcl_MCL_EXCLUSIVE_AREA_37
                0x0040922c                SchM_Exit_Mcl_MCL_EXCLUSIVE_AREA_37
                0x0040925c                SchM_Enter_Mcl_MCL_EXCLUSIVE_AREA_38
                0x00409290                SchM_Exit_Mcl_MCL_EXCLUSIVE_AREA_38
                0x004092c0                SchM_Enter_Mcl_MCL_EXCLUSIVE_AREA_39
                0x004092f4                SchM_Exit_Mcl_MCL_EXCLUSIVE_AREA_39
                0x00409324                SchM_Enter_Mcl_MCL_EXCLUSIVE_AREA_40
                0x00409358                SchM_Exit_Mcl_MCL_EXCLUSIVE_AREA_40
                0x00409388                SchM_Enter_Mcl_MCL_EXCLUSIVE_AREA_41
                0x004093bc                SchM_Exit_Mcl_MCL_EXCLUSIVE_AREA_41
                0x004093ec                SchM_Enter_Mcl_MCL_EXCLUSIVE_AREA_42
                0x00409420                SchM_Exit_Mcl_MCL_EXCLUSIVE_AREA_42
                0x00409450                SchM_Enter_Mcl_MCL_EXCLUSIVE_AREA_43
                0x00409484                SchM_Exit_Mcl_MCL_EXCLUSIVE_AREA_43
                0x004094b4                SchM_Enter_Mcl_MCL_EXCLUSIVE_AREA_44
                0x004094e8                SchM_Exit_Mcl_MCL_EXCLUSIVE_AREA_44
                0x00409518                SchM_Enter_Mcl_MCL_EXCLUSIVE_AREA_45
                0x0040954c                SchM_Exit_Mcl_MCL_EXCLUSIVE_AREA_45
                0x0040957c                SchM_Enter_Mcl_MCL_EXCLUSIVE_AREA_46
                0x004095b0                SchM_Exit_Mcl_MCL_EXCLUSIVE_AREA_46
                0x004095e0                SchM_Enter_Mcl_MCL_EXCLUSIVE_AREA_47
                0x00409614                SchM_Exit_Mcl_MCL_EXCLUSIVE_AREA_47
 .mcal_text     0x00409644      0x12c ./RTD/src/SchM_Mcu.o
                0x00409644                SchM_Enter_Mcu_MCU_EXCLUSIVE_AREA_00
                0x00409678                SchM_Exit_Mcu_MCU_EXCLUSIVE_AREA_00
                0x004096a8                SchM_Enter_Mcu_MCU_EXCLUSIVE_AREA_01
                0x004096dc                SchM_Exit_Mcu_MCU_EXCLUSIVE_AREA_01
                0x0040970c                SchM_Enter_Mcu_MCU_EXCLUSIVE_AREA_02
                0x00409740                SchM_Exit_Mcu_MCU_EXCLUSIVE_AREA_02
 .mcal_text     0x00409770      0xaf0 ./RTD/src/SchM_Port.o
                0x00409770                SchM_Enter_Port_PORT_EXCLUSIVE_AREA_00
                0x004097a4                SchM_Exit_Port_PORT_EXCLUSIVE_AREA_00
                0x004097d4                SchM_Enter_Port_PORT_EXCLUSIVE_AREA_01
                0x00409808                SchM_Exit_Port_PORT_EXCLUSIVE_AREA_01
                0x00409838                SchM_Enter_Port_PORT_EXCLUSIVE_AREA_02
                0x0040986c                SchM_Exit_Port_PORT_EXCLUSIVE_AREA_02
                0x0040989c                SchM_Enter_Port_PORT_EXCLUSIVE_AREA_03
                0x004098d0                SchM_Exit_Port_PORT_EXCLUSIVE_AREA_03
                0x00409900                SchM_Enter_Port_PORT_EXCLUSIVE_AREA_04
                0x00409934                SchM_Exit_Port_PORT_EXCLUSIVE_AREA_04
                0x00409964                SchM_Enter_Port_PORT_EXCLUSIVE_AREA_05
                0x00409998                SchM_Exit_Port_PORT_EXCLUSIVE_AREA_05
                0x004099c8                SchM_Enter_Port_PORT_EXCLUSIVE_AREA_06
                0x004099fc                SchM_Exit_Port_PORT_EXCLUSIVE_AREA_06
                0x00409a2c                SchM_Enter_Port_PORT_EXCLUSIVE_AREA_07
                0x00409a60                SchM_Exit_Port_PORT_EXCLUSIVE_AREA_07
                0x00409a90                SchM_Enter_Port_PORT_EXCLUSIVE_AREA_08
                0x00409ac4                SchM_Exit_Port_PORT_EXCLUSIVE_AREA_08
                0x00409af4                SchM_Enter_Port_PORT_EXCLUSIVE_AREA_09
                0x00409b28                SchM_Exit_Port_PORT_EXCLUSIVE_AREA_09
                0x00409b58                SchM_Enter_Port_PORT_EXCLUSIVE_AREA_10
                0x00409b8c                SchM_Exit_Port_PORT_EXCLUSIVE_AREA_10
                0x00409bbc                SchM_Enter_Port_PORT_EXCLUSIVE_AREA_11
                0x00409bf0                SchM_Exit_Port_PORT_EXCLUSIVE_AREA_11
                0x00409c20                SchM_Enter_Port_PORT_EXCLUSIVE_AREA_12
                0x00409c54                SchM_Exit_Port_PORT_EXCLUSIVE_AREA_12
                0x00409c84                SchM_Enter_Port_PORT_EXCLUSIVE_AREA_13
                0x00409cb8                SchM_Exit_Port_PORT_EXCLUSIVE_AREA_13
                0x00409ce8                SchM_Enter_Port_PORT_EXCLUSIVE_AREA_14
                0x00409d1c                SchM_Exit_Port_PORT_EXCLUSIVE_AREA_14
                0x00409d4c                SchM_Enter_Port_PORT_EXCLUSIVE_AREA_15
                0x00409d80                SchM_Exit_Port_PORT_EXCLUSIVE_AREA_15
                0x00409db0                SchM_Enter_Port_PORT_EXCLUSIVE_AREA_16
                0x00409de4                SchM_Exit_Port_PORT_EXCLUSIVE_AREA_16
                0x00409e14                SchM_Enter_Port_PORT_EXCLUSIVE_AREA_17
                0x00409e48                SchM_Exit_Port_PORT_EXCLUSIVE_AREA_17
                0x00409e78                SchM_Enter_Port_PORT_EXCLUSIVE_AREA_18
                0x00409eac                SchM_Exit_Port_PORT_EXCLUSIVE_AREA_18
                0x00409edc                SchM_Enter_Port_PORT_EXCLUSIVE_AREA_19
                0x00409f10                SchM_Exit_Port_PORT_EXCLUSIVE_AREA_19
                0x00409f40                SchM_Enter_Port_PORT_EXCLUSIVE_AREA_20
                0x00409f74                SchM_Exit_Port_PORT_EXCLUSIVE_AREA_20
                0x00409fa4                SchM_Enter_Port_PORT_EXCLUSIVE_AREA_21
                0x00409fd8                SchM_Exit_Port_PORT_EXCLUSIVE_AREA_21
                0x0040a008                SchM_Enter_Port_PORT_EXCLUSIVE_AREA_22
                0x0040a03c                SchM_Exit_Port_PORT_EXCLUSIVE_AREA_22
                0x0040a06c                SchM_Enter_Port_PORT_EXCLUSIVE_AREA_23
                0x0040a0a0                SchM_Exit_Port_PORT_EXCLUSIVE_AREA_23
                0x0040a0d0                SchM_Enter_Port_PORT_EXCLUSIVE_AREA_24
                0x0040a104                SchM_Exit_Port_PORT_EXCLUSIVE_AREA_24
                0x0040a134                SchM_Enter_Port_PORT_EXCLUSIVE_AREA_25
                0x0040a168                SchM_Exit_Port_PORT_EXCLUSIVE_AREA_25
                0x0040a198                SchM_Enter_Port_PORT_EXCLUSIVE_AREA_26
                0x0040a1cc                SchM_Exit_Port_PORT_EXCLUSIVE_AREA_26
                0x0040a1fc                SchM_Enter_Port_PORT_EXCLUSIVE_AREA_27
                0x0040a230                SchM_Exit_Port_PORT_EXCLUSIVE_AREA_27
 .mcal_text     0x0040a260     0x16a8 ./RTD/src/SchM_Pwm.o
                0x0040a260                SchM_Enter_Pwm_PWM_EXCLUSIVE_AREA_00
                0x0040a294                SchM_Exit_Pwm_PWM_EXCLUSIVE_AREA_00
                0x0040a2c4                SchM_Enter_Pwm_PWM_EXCLUSIVE_AREA_01
                0x0040a2f8                SchM_Exit_Pwm_PWM_EXCLUSIVE_AREA_01
                0x0040a328                SchM_Enter_Pwm_PWM_EXCLUSIVE_AREA_03
                0x0040a35c                SchM_Exit_Pwm_PWM_EXCLUSIVE_AREA_03
                0x0040a38c                SchM_Enter_Pwm_PWM_EXCLUSIVE_AREA_04
                0x0040a3c0                SchM_Exit_Pwm_PWM_EXCLUSIVE_AREA_04
                0x0040a3f0                SchM_Enter_Pwm_PWM_EXCLUSIVE_AREA_05
                0x0040a424                SchM_Exit_Pwm_PWM_EXCLUSIVE_AREA_05
                0x0040a454                SchM_Enter_Pwm_PWM_EXCLUSIVE_AREA_07
                0x0040a488                SchM_Exit_Pwm_PWM_EXCLUSIVE_AREA_07
                0x0040a4b8                SchM_Enter_Pwm_PWM_EXCLUSIVE_AREA_08
                0x0040a4ec                SchM_Exit_Pwm_PWM_EXCLUSIVE_AREA_08
                0x0040a51c                SchM_Enter_Pwm_PWM_EXCLUSIVE_AREA_09
                0x0040a550                SchM_Exit_Pwm_PWM_EXCLUSIVE_AREA_09
                0x0040a580                SchM_Enter_Pwm_PWM_EXCLUSIVE_AREA_10
                0x0040a5b4                SchM_Exit_Pwm_PWM_EXCLUSIVE_AREA_10
                0x0040a5e4                SchM_Enter_Pwm_PWM_EXCLUSIVE_AREA_11
                0x0040a618                SchM_Exit_Pwm_PWM_EXCLUSIVE_AREA_11
                0x0040a648                SchM_Enter_Pwm_PWM_EXCLUSIVE_AREA_12
                0x0040a67c                SchM_Exit_Pwm_PWM_EXCLUSIVE_AREA_12
                0x0040a6ac                SchM_Enter_Pwm_PWM_EXCLUSIVE_AREA_13
                0x0040a6e0                SchM_Exit_Pwm_PWM_EXCLUSIVE_AREA_13
                0x0040a710                SchM_Enter_Pwm_PWM_EXCLUSIVE_AREA_14
                0x0040a744                SchM_Exit_Pwm_PWM_EXCLUSIVE_AREA_14
                0x0040a774                SchM_Enter_Pwm_PWM_EXCLUSIVE_AREA_15
                0x0040a7a8                SchM_Exit_Pwm_PWM_EXCLUSIVE_AREA_15
                0x0040a7d8                SchM_Enter_Pwm_PWM_EXCLUSIVE_AREA_16
                0x0040a80c                SchM_Exit_Pwm_PWM_EXCLUSIVE_AREA_16
                0x0040a83c                SchM_Enter_Pwm_PWM_EXCLUSIVE_AREA_17
                0x0040a870                SchM_Exit_Pwm_PWM_EXCLUSIVE_AREA_17
                0x0040a8a0                SchM_Enter_Pwm_PWM_EXCLUSIVE_AREA_18
                0x0040a8d4                SchM_Exit_Pwm_PWM_EXCLUSIVE_AREA_18
                0x0040a904                SchM_Enter_Pwm_PWM_EXCLUSIVE_AREA_19
                0x0040a938                SchM_Exit_Pwm_PWM_EXCLUSIVE_AREA_19
                0x0040a968                SchM_Enter_Pwm_PWM_EXCLUSIVE_AREA_20
                0x0040a99c                SchM_Exit_Pwm_PWM_EXCLUSIVE_AREA_20
                0x0040a9cc                SchM_Enter_Pwm_PWM_EXCLUSIVE_AREA_21
                0x0040aa00                SchM_Exit_Pwm_PWM_EXCLUSIVE_AREA_21
                0x0040aa30                SchM_Enter_Pwm_PWM_EXCLUSIVE_AREA_22
                0x0040aa64                SchM_Exit_Pwm_PWM_EXCLUSIVE_AREA_22
                0x0040aa94                SchM_Enter_Pwm_PWM_EXCLUSIVE_AREA_23
                0x0040aac8                SchM_Exit_Pwm_PWM_EXCLUSIVE_AREA_23
                0x0040aaf8                SchM_Enter_Pwm_PWM_EXCLUSIVE_AREA_24
                0x0040ab2c                SchM_Exit_Pwm_PWM_EXCLUSIVE_AREA_24
                0x0040ab5c                SchM_Enter_Pwm_PWM_EXCLUSIVE_AREA_25
                0x0040ab90                SchM_Exit_Pwm_PWM_EXCLUSIVE_AREA_25
                0x0040abc0                SchM_Enter_Pwm_PWM_EXCLUSIVE_AREA_26
                0x0040abf4                SchM_Exit_Pwm_PWM_EXCLUSIVE_AREA_26
                0x0040ac24                SchM_Enter_Pwm_PWM_EXCLUSIVE_AREA_27
                0x0040ac58                SchM_Exit_Pwm_PWM_EXCLUSIVE_AREA_27
                0x0040ac88                SchM_Enter_Pwm_PWM_EXCLUSIVE_AREA_28
                0x0040acbc                SchM_Exit_Pwm_PWM_EXCLUSIVE_AREA_28
                0x0040acec                SchM_Enter_Pwm_PWM_EXCLUSIVE_AREA_31
                0x0040ad20                SchM_Exit_Pwm_PWM_EXCLUSIVE_AREA_31
                0x0040ad50                SchM_Enter_Pwm_PWM_EXCLUSIVE_AREA_32
                0x0040ad84                SchM_Exit_Pwm_PWM_EXCLUSIVE_AREA_32
                0x0040adb4                SchM_Enter_Pwm_PWM_EXCLUSIVE_AREA_33
                0x0040ade8                SchM_Exit_Pwm_PWM_EXCLUSIVE_AREA_33
                0x0040ae18                SchM_Enter_Pwm_PWM_EXCLUSIVE_AREA_34
                0x0040ae4c                SchM_Exit_Pwm_PWM_EXCLUSIVE_AREA_34
                0x0040ae7c                SchM_Enter_Pwm_PWM_EXCLUSIVE_AREA_35
                0x0040aeb0                SchM_Exit_Pwm_PWM_EXCLUSIVE_AREA_35
                0x0040aee0                SchM_Enter_Pwm_PWM_EXCLUSIVE_AREA_36
                0x0040af14                SchM_Exit_Pwm_PWM_EXCLUSIVE_AREA_36
                0x0040af44                SchM_Enter_Pwm_PWM_EXCLUSIVE_AREA_37
                0x0040af78                SchM_Exit_Pwm_PWM_EXCLUSIVE_AREA_37
                0x0040afa8                SchM_Enter_Pwm_PWM_EXCLUSIVE_AREA_38
                0x0040afdc                SchM_Exit_Pwm_PWM_EXCLUSIVE_AREA_38
                0x0040b00c                SchM_Enter_Pwm_PWM_EXCLUSIVE_AREA_39
                0x0040b040                SchM_Exit_Pwm_PWM_EXCLUSIVE_AREA_39
                0x0040b070                SchM_Enter_Pwm_PWM_EXCLUSIVE_AREA_40
                0x0040b0a4                SchM_Exit_Pwm_PWM_EXCLUSIVE_AREA_40
                0x0040b0d4                SchM_Enter_Pwm_PWM_EXCLUSIVE_AREA_41
                0x0040b108                SchM_Exit_Pwm_PWM_EXCLUSIVE_AREA_41
                0x0040b138                SchM_Enter_Pwm_PWM_EXCLUSIVE_AREA_42
                0x0040b16c                SchM_Exit_Pwm_PWM_EXCLUSIVE_AREA_42
                0x0040b19c                SchM_Enter_Pwm_PWM_EXCLUSIVE_AREA_43
                0x0040b1d0                SchM_Exit_Pwm_PWM_EXCLUSIVE_AREA_43
                0x0040b200                SchM_Enter_Pwm_PWM_EXCLUSIVE_AREA_44
                0x0040b234                SchM_Exit_Pwm_PWM_EXCLUSIVE_AREA_44
                0x0040b264                SchM_Enter_Pwm_PWM_EXCLUSIVE_AREA_45
                0x0040b298                SchM_Exit_Pwm_PWM_EXCLUSIVE_AREA_45
                0x0040b2c8                SchM_Enter_Pwm_PWM_EXCLUSIVE_AREA_50
                0x0040b2fc                SchM_Exit_Pwm_PWM_EXCLUSIVE_AREA_50
                0x0040b32c                SchM_Enter_Pwm_PWM_EXCLUSIVE_AREA_51
                0x0040b360                SchM_Exit_Pwm_PWM_EXCLUSIVE_AREA_51
                0x0040b390                SchM_Enter_Pwm_PWM_EXCLUSIVE_AREA_52
                0x0040b3c4                SchM_Exit_Pwm_PWM_EXCLUSIVE_AREA_52
                0x0040b3f4                SchM_Enter_Pwm_PWM_EXCLUSIVE_AREA_53
                0x0040b428                SchM_Exit_Pwm_PWM_EXCLUSIVE_AREA_53
                0x0040b458                SchM_Enter_Pwm_PWM_EXCLUSIVE_AREA_54
                0x0040b48c                SchM_Exit_Pwm_PWM_EXCLUSIVE_AREA_54
                0x0040b4bc                SchM_Enter_Pwm_PWM_EXCLUSIVE_AREA_55
                0x0040b4f0                SchM_Exit_Pwm_PWM_EXCLUSIVE_AREA_55
                0x0040b520                SchM_Enter_Pwm_PWM_EXCLUSIVE_AREA_56
                0x0040b554                SchM_Exit_Pwm_PWM_EXCLUSIVE_AREA_56
                0x0040b584                SchM_Enter_Pwm_PWM_EXCLUSIVE_AREA_57
                0x0040b5b8                SchM_Exit_Pwm_PWM_EXCLUSIVE_AREA_57
                0x0040b5e8                SchM_Enter_Pwm_PWM_EXCLUSIVE_AREA_58
                0x0040b61c                SchM_Exit_Pwm_PWM_EXCLUSIVE_AREA_58
                0x0040b64c                SchM_Enter_Pwm_PWM_EXCLUSIVE_AREA_59
                0x0040b680                SchM_Exit_Pwm_PWM_EXCLUSIVE_AREA_59
                0x0040b6b0                SchM_Enter_Pwm_PWM_EXCLUSIVE_AREA_60
                0x0040b6e4                SchM_Exit_Pwm_PWM_EXCLUSIVE_AREA_60
                0x0040b714                SchM_Enter_Pwm_PWM_EXCLUSIVE_AREA_61
                0x0040b748                SchM_Exit_Pwm_PWM_EXCLUSIVE_AREA_61
                0x0040b778                SchM_Enter_Pwm_PWM_EXCLUSIVE_AREA_62
                0x0040b7ac                SchM_Exit_Pwm_PWM_EXCLUSIVE_AREA_62
                0x0040b7dc                SchM_Enter_Pwm_PWM_EXCLUSIVE_AREA_63
                0x0040b810                SchM_Exit_Pwm_PWM_EXCLUSIVE_AREA_63
                0x0040b840                SchM_Enter_Pwm_PWM_EXCLUSIVE_AREA_64
                0x0040b874                SchM_Exit_Pwm_PWM_EXCLUSIVE_AREA_64
                0x0040b8a4                SchM_Enter_Pwm_PWM_EXCLUSIVE_AREA_65
                0x0040b8d8                SchM_Exit_Pwm_PWM_EXCLUSIVE_AREA_65
 .mcal_text     0x0040b908      0x140 ./RTD/src/Siul2_Dio_Ip.o
                0x0040b93e                Siul2_Dio_Ip_WritePin
                0x0040b96e                Siul2_Dio_Ip_SetGPDO
                0x0040b988                Siul2_Dio_Ip_ClearGPDO
                0x0040b9a4                Siul2_Dio_Ip_WritePins
                0x0040b9b2                Siul2_Dio_Ip_GetPinsOutput
                0x0040b9b8                Siul2_Dio_Ip_SetPins
                0x0040b9cc                Siul2_Dio_Ip_ClearPins
                0x0040b9e2                Siul2_Dio_Ip_TogglePins
                0x0040b9f6                Siul2_Dio_Ip_ReadPins
                0x0040b9fe                Siul2_Dio_Ip_ReadPin
                0x0040ba18                Siul2_Dio_Ip_MaskedWritePins
 .mcal_text     0x0040ba48      0x3bc ./RTD/src/Siul2_Port_Ip.o
                0x0040bb80                Siul2_Port_Ip_Init
                0x0040bbb0                Siul2_Port_Ip_SetPullSel
                0x0040bbf2                Siul2_Port_Ip_SetOutputBuffer
                0x0040bc42                Siul2_Port_Ip_SetInputBuffer
                0x0040bca6                Siul2_Port_Ip_SetPinDirection
                0x0040bd08                Siul2_Port_Ip_RevertPinConfiguration
                0x0040bd54                Siul2_Port_Ip_GetPinConfiguration
 .mcal_text     0x0040be04       0xf8 ./RTD/src/Tspc_Port_Ip.o
                0x0040be04                Tspc_Port_Ip_EnableObeGroup
                0x0040be2c                Tspc_Port_Ip_DisableObeGroup
                0x0040be54                Tspc_Port_Ip_MaskObeGroup
                0x0040be68                Tspc_Port_Ip_ConfigureObeGroup
                0x0040befc                . = ALIGN (0x4)
 *(.acmcu_code_rom)
                0x0040befc                . = ALIGN (0x4)
                0x0040befc                __acfls_code_rom_start = .
 *(.acfls_code_rom)
 .acfls_code_rom
                0x0040befc       0x58 ./RTD/src/Clock_Ip_Specific.o
                0x0040befc                Clock_Ip_PRAMCSetRamIWS
 *fill*         0x0040bf54        0x4 
 .acfls_code_rom.__stub
                0x0040bf58        0x8 linker stubs
                0x0040bf60                . = ALIGN (0x4)
                0x0040bf60                __acfls_code_rom_end = .
                0x0040bf60                __acmem_43_infls_code_rom_start = .
 *(.acmem_43_infls_code_rom)
                0x0040bf60                . = ALIGN (0x4)
                0x0040bf60                __acmem_43_infls_code_rom_end = .
 *(.init)
                0x0040bf60                . = ALIGN (0x4)
 *(.fini)
                0x0040bf60                . = ALIGN (0x4)
 *(.rodata)
 .rodata        0x0040bf60        0x3 ./RTD/src/Clock_Ip_IntOsc.o
 *fill*         0x0040bf63        0x1 
 .rodata        0x0040bf64       0x3c ./RTD/src/Emios_Pwm_Ip.o
 .rodata        0x0040bfa0        0x4 ./RTD/src/Flexio_Mcl_Ip.o
                0x0040bfa0                Flexio_Ip_paxBase
 .rodata        0x0040bfa4        0x4 ./RTD/src/Siul2_Port_Ip.o
                0x0040bfa4                Port_au32Siul2BaseAddr
 *(.rodata*)
                0x0040bfa8                . = ALIGN (0x4)
 *(.mcal_const_cfg)
 .mcal_const_cfg
                0x0040bfa8       0x24 ./generate/src/CDD_Mcl_VS_0_PBcfg.o
                0x0040bfa8                Mcl_EmiosConfig_VS_0
                0x0040bfb0                Mcl_EmiosInstanceConfig_VS_0
                0x0040bfb8                Mcl_Config_VS_0
 *fill*         0x0040bfcc        0x4 
 .mcal_const_cfg
                0x0040bfd0      0x590 ./generate/src/Clock_Ip_VS_0_PBcfg.o
                0x0040bfd0                Mcu_aClockConfigPB_VS_0
 .mcal_const_cfg
                0x0040c560       0x10 ./generate/src/Dio_Cfg.o
                0x0040c560                Dio_Config
 .mcal_const_cfg
                0x0040c570       0x74 ./generate/src/Emios_Mcl_Ip_VS_0_PBcfg.o
                0x0040c570                Emios_Mcl_Ip_1_Config_VS_0
                0x0040c57c                Emios_Ip_1_GlobalConfig_VS_0
                0x0040c580                Emios_Mcl_Ip_1_MasterBusConfig_VS_0
 .mcal_const_cfg
                0x0040c5e4       0xb4 ./generate/src/Emios_Pwm_Ip_VS_0_PBcfg.o
                0x0040c5e4                Emios_Pwm_Ip_VS_0_I1_Ch14
                0x0040c620                Emios_Pwm_Ip_VS_0_I1_Ch13
                0x0040c65c                Emios_Pwm_Ip_VS_0_I1_Ch12
 .mcal_const_cfg
                0x0040c698        0x2 ./generate/src/Flexio_Mcl_Ip_VS_0_PBcfg.o
                0x0040c698                Flexio_Ip_xFlexioInit_VS_0
 *fill*         0x0040c69a        0x2 
 .mcal_const_cfg
                0x0040c69c       0x20 ./generate/src/Mcu_VS_0_PBcfg.o
                0x0040c69c                Mcu_Config_VS_0
 .mcal_const_cfg
                0x0040c6bc      0x6c9 ./generate/src/Port_VS_0_PBcfg.o
                0x0040c6bc                Port_Config_VS_0
 *fill*         0x0040cd85        0x3 
 .mcal_const_cfg
                0x0040cd88      0x1d8 ./generate/src/Power_Ip_VS_0_PBcfg.o
                0x0040cd88                Power_Ip_HwIPsConfigPB_VS_0
                0x0040cda0                Power_Ip_aModeConfigPB_VS_0
 .mcal_const_cfg
                0x0040cf60       0xac ./generate/src/Pwm_VS_0_PBcfg.o
                0x0040cf60                Pwm_Config_VS_0
                0x0040cfb8                Pwm_Channels_VS_0_PB
 .mcal_const_cfg
                0x0040d00c       0x14 ./generate/src/Ram_Ip_VS_0_PBcfg.o
                0x0040d00c                Mcu_aRamConfigPB_VS_0
 .mcal_const_cfg
                0x0040d020      0x240 ./generate/src/Siul2_Port_Ip_VS_0_PBcfg.o
                0x0040d020                g_pin_mux_InitConfigArr_VS_0
 .mcal_const_cfg
                0x0040d260       0x18 ./generate/src/Tspc_Port_Ip_VS_0_PBcfg.o
                0x0040d260                aTspc_InitConfigArr_VS_0
                0x0040d278                . = ALIGN (0x4)
 *(.mcal_const)
 .mcal_const    0x0040d278     0x10e0 ./RTD/src/Clock_Ip_Data.o
                0x0040d278                Clock_Ip_axGateInfo
                0x0040d940                Clock_Ip_axFeatureExtensions
                0x0040db80                Clock_Ip_aeHwDfsName
                0x0040db84                Clock_Ip_aeHwPllName
                0x0040db88                Clock_Ip_aeSourceTypeClockName
                0x0040dbe0                Clock_Ip_apxMcMeTriggerPartitions
                0x0040dbf0                Clock_Ip_apxMcMeGetPartitions
                0x0040dc00                Clock_Ip_apxMcMeSetPartitions
                0x0040dc10                Clock_Ip_axCmuInfo
                0x0040dc80                Clock_Ip_aeCmuNames
                0x0040dc9c                Clock_Ip_apxCmu
                0x0040dcb8                Clock_Ip_apxPll
                0x0040dcc8                Clock_Ip_apxXosc
                0x0040dcd0                Clock_Ip_apxCgmPcfs
                0x0040dcd4                Clock_Ip_apxCgm
                0x0040dd24                Clock_Ip_au16SelectorEntryRtcHardwareValue
                0x0040dd50                Clock_Ip_au16SelectorEntryHardwareValue
                0x0040dd7c                Clock_Ip_au8SoftwareMuxResetValue
                0x0040de08                Clock_Ip_au8ClockFeatures
                0x0040e2f4                Clock_Ip_au8CmuCallbackIndex
                0x0040e2fe                Clock_Ip_au8PcfsCallbackIndex
                0x0040e308                Clock_Ip_au8SelectorCallbackIndex
                0x0040e312                Clock_Ip_au8PllCallbackIndex
                0x0040e31c                Clock_Ip_au8FractionalDividerCallbackIndex
                0x0040e326                Clock_Ip_au8GateCallbackIndex
                0x0040e330                Clock_Ip_au8IrcoscCallbackIndex
                0x0040e33a                Clock_Ip_au8XoscCallbackIndex
                0x0040e344                Clock_Ip_au8DividerTriggerCallbackIndex
                0x0040e34e                Clock_Ip_au8DividerCallbackIndex
 .mcal_const    0x0040e358       0x14 ./RTD/src/Clock_Ip_Divider.o
                0x0040e358                Clock_Ip_axDividerCallbacks
 .mcal_const    0x0040e36c       0x10 ./RTD/src/Clock_Ip_DividerTrigger.o
                0x0040e36c                Clock_Ip_axDividerTriggerCallbacks
 .mcal_const    0x0040e37c       0x30 ./RTD/src/Clock_Ip_ExtOsc.o
                0x0040e37c                Clock_Ip_axExtOscCallbacks
 .mcal_const    0x0040e3ac        0xc ./RTD/src/Clock_Ip_FracDiv.o
                0x0040e3ac                Clock_Ip_axFracDivCallbacks
 .mcal_const    0x0040e3b8       0x10 ./RTD/src/Clock_Ip_Gate.o
                0x0040e3b8                Clock_Ip_axGateCallbacks
 .mcal_const    0x0040e3c8       0x30 ./RTD/src/Clock_Ip_IntOsc.o
                0x0040e3c8                Clock_Ip_axIntOscCallbacks
 .mcal_const    0x0040e3f8       0x20 ./RTD/src/Clock_Ip_Monitor.o
                0x0040e3f8                Clock_Ip_axCmuCallbacks
 .mcal_const    0x0040e418       0x28 ./RTD/src/Clock_Ip_Pll.o
                0x0040e418                Clock_Ip_axPllCallbacks
 .mcal_const    0x0040e440        0x8 ./RTD/src/Clock_Ip_ProgFreqSwitch.o
                0x0040e440                Clock_Ip_axPcfsCallbacks
 .mcal_const    0x0040e448       0x28 ./RTD/src/Clock_Ip_Selector.o
                0x0040e448                Clock_Ip_axSelectorCallbacks
 .mcal_const    0x0040e470        0xc ./RTD/src/Emios_Pwm_Ip.o
                0x0040e470                Emios_Pwm_Ip_aBasePtr
 .mcal_const    0x0040e47c      0x2eb ./generate/src/Dio_Cfg.o
                0x0040e47c                Dio_aAvailablePinsForRead
                0x0040e498                Dio_aAvailablePinsForWrite
                0x0040e758                Dio_au8Port0OffsetInSiul2Instance
                0x0040e759                Dio_au8PortSiul2Instance
 *fill*         0x0040e767        0x1 
 .mcal_const    0x0040e768     0x21b8 ./generate/src/Port_Cfg.o
                0x0040e768                Port_apInoutMuxSettings
                0x0040e76c                Port_apInMuxSettingsIndex
                0x0040e770                Port_apInMuxSettings
                0x0040e774                Port_apSiul2InstancePinModeAvailability
                0x0040e778                Port_au16NumInoutMuxSettings
                0x00410920                . = ALIGN (0x4)
                0x00410920                __init_table = .
 *(.init_table)
 .init_table    0x00410920       0x4c ./Project_Settings/Startup_Code/startup_cm7.o
                0x0041096c                . = ALIGN (0x4)
                0x0041096c                __zero_table = .
 *(.zero_table)
 .zero_table    0x0041096c       0x1c ./Project_Settings/Startup_Code/startup_cm7.o

.glue_7         0x00410988        0x0
 .glue_7        0x00410988        0x0 linker stubs

.glue_7t        0x00410988        0x0
 .glue_7t       0x00410988        0x0 linker stubs

.vfp11_veneer   0x00410988        0x0
 .vfp11_veneer  0x00410988        0x0 linker stubs

.v4_bx          0x00410988        0x0
 .v4_bx         0x00410988        0x0 linker stubs

.iplt           0x00410988        0x0
 .iplt          0x00410988        0x0 ./Project_Settings/Startup_Code/Vector_Table.o

.rel.dyn        0x00410988        0x0
 .rel.iplt      0x00410988        0x0 ./Project_Settings/Startup_Code/Vector_Table.o
                0x00410988                . = ALIGN (0x4)
                0x00410988                __text_end = .
                0x00410988                __sram_data_rom = __text_end

.sram_bss       0x20400000      0x248
                0x20400000                . = ALIGN (0x8)
                0x20400000                __standby_ram_begin__ = .
 *(.standby_data)
                0x20400000                . = ALIGN (0x8)
                0x20400000                __standby_ram_end__ = .
                0x20400000                . = ALIGN (0x10)
                0x20400000                __sram_bss_start = .
 *(.bss)
 .bss           0x20400000        0x0 ./Project_Settings/Startup_Code/Vector_Table.o
 .bss           0x20400000        0x0 ./Project_Settings/Startup_Code/exceptions.o
 .bss           0x20400000        0x0 ./Project_Settings/Startup_Code/nvic.o
 .bss           0x20400000        0x0 ./Project_Settings/Startup_Code/startup.o
 .bss           0x20400000        0x0 ./Project_Settings/Startup_Code/startup_cm7.o
 .bss           0x20400000       0x80 ./Project_Settings/Startup_Code/system.o
                0x20400000                rbar
                0x20400040                rasr
 .bss           0x20400080        0x8 ./RTD/src/CDD_Mcl.o
                0x20400080                Mcl_au8EmiosLogicToHwInstance
                0x20400083                Mcl_au8FlexioLogicToHwInstance
                0x20400084                Mcl_pxEmiosCommonConfig
 .bss           0x20400088        0x0 ./RTD/src/CDD_Mcl_Ipw.o
 .bss           0x20400088        0x0 ./RTD/src/Cache_Ip.o
 .bss           0x20400088        0x0 ./RTD/src/Cache_Ip_HwAcc_ArmCoreMx.o
 .bss           0x20400088        0x0 ./RTD/src/Clock_Ip.o
 .bss           0x20400088        0x0 ./RTD/src/Clock_Ip_Data.o
 .bss           0x20400088        0x0 ./RTD/src/Clock_Ip_Divider.o
 .bss           0x20400088        0x0 ./RTD/src/Clock_Ip_DividerTrigger.o
 .bss           0x20400088        0x0 ./RTD/src/Clock_Ip_ExtOsc.o
 .bss           0x20400088        0x0 ./RTD/src/Clock_Ip_FracDiv.o
 .bss           0x20400088        0x0 ./RTD/src/Clock_Ip_Frequency.o
 .bss           0x20400088        0x0 ./RTD/src/Clock_Ip_Gate.o
 .bss           0x20400088        0x0 ./RTD/src/Clock_Ip_IntOsc.o
 .bss           0x20400088        0x0 ./RTD/src/Clock_Ip_Irq.o
 .bss           0x20400088        0x0 ./RTD/src/Clock_Ip_Monitor.o
 .bss           0x20400088        0x0 ./RTD/src/Clock_Ip_Pll.o
 .bss           0x20400088        0x0 ./RTD/src/Clock_Ip_ProgFreqSwitch.o
 .bss           0x20400088        0x0 ./RTD/src/Clock_Ip_Selector.o
 .bss           0x20400088        0x0 ./RTD/src/Clock_Ip_Specific.o
 .bss           0x20400088        0x0 ./RTD/src/Dem.o
 .bss           0x20400088        0x0 ./RTD/src/Dem_stub.o
 .bss           0x20400088        0x0 ./RTD/src/Det.o
 .bss           0x20400088        0x0 ./RTD/src/Det_stub.o
 .bss           0x20400088        0x0 ./RTD/src/Dio.o
 .bss           0x20400088        0x0 ./RTD/src/Dio_Ipw.o
 .bss           0x20400088        0x0 ./RTD/src/Dma_Ip.o
 .bss           0x20400088        0x0 ./RTD/src/Dma_Ip_Driver_State.o
 .bss           0x20400088        0x0 ./RTD/src/Dma_Ip_Hw_Access.o
 .bss           0x20400088        0x0 ./RTD/src/Dma_Ip_Irq.o
 .bss           0x20400088        0x0 ./RTD/src/Dma_Ip_Multicore.o
 .bss           0x20400088        0x0 ./RTD/src/Emios_Mcl_Ip.o
 .bss           0x20400088        0x0 ./RTD/src/Emios_Mcl_Ip_Irq.o
 .bss           0x20400088        0x0 ./RTD/src/Emios_Pwm_Ip.o
 .bss           0x20400088        0x0 ./RTD/src/Emios_Pwm_Ip_Irq.o
 .bss           0x20400088        0x0 ./RTD/src/Etpu_Pwm_Ip.o
 .bss           0x20400088        0x0 ./RTD/src/Etpu_Pwm_Ip_Irq.o
 .bss           0x20400088        0x0 ./RTD/src/FlexPwm_Ip.o
 .bss           0x20400088        0x0 ./RTD/src/FlexPwm_Ip_Irq.o
 .bss           0x20400088        0x0 ./RTD/src/Flexio_Mcl_Ip.o
 .bss           0x20400088        0x0 ./RTD/src/Flexio_Mcl_Ip_HwAccess.o
 .bss           0x20400088        0x0 ./RTD/src/Flexio_Mcl_Ip_Irq.o
 .bss           0x20400088        0x0 ./RTD/src/Flexio_Pwm_Ip.o
 .bss           0x20400088        0x0 ./RTD/src/Flexio_Pwm_Ip_Irq.o
 .bss           0x20400088        0x0 ./RTD/src/Igf_Port_Ip.o
 .bss           0x20400088        0x0 ./RTD/src/Lcu_Ip.o
 .bss           0x20400088        0x0 ./RTD/src/Lcu_Ip_Hw_Access.o
 .bss           0x20400088        0x0 ./RTD/src/Lcu_Ip_Irq.o
 .bss           0x20400088        0x0 ./RTD/src/Lcu_Ip_Multicore.o
 .bss           0x20400088        0x0 ./RTD/src/Mcu.o
 .bss           0x20400088        0x0 ./RTD/src/Mcu_Dem_Wrapper.o
 .bss           0x20400088        0x0 ./RTD/src/Mcu_Ipw.o
 .bss           0x20400088        0x0 ./RTD/src/OsIf_Interrupts.o
 .bss           0x20400088        0x0 ./RTD/src/OsIf_Timer.o
 .bss           0x20400088        0x0 ./RTD/src/OsIf_Timer_System.o
 .bss           0x20400088        0x0 ./RTD/src/OsIf_Timer_System_Internal_Systick.o
 .bss           0x20400088        0x0 ./RTD/src/Osif_Software_Semaphore.o
 .bss           0x20400088        0x0 ./RTD/src/Port.o
 .bss           0x20400088        0x0 ./RTD/src/Port_Ipw.o
 .bss           0x20400088        0x0 ./RTD/src/Power_Ip.o
 .bss           0x20400088        0x0 ./RTD/src/Power_Ip_AEC.o
 .bss           0x20400088        0x0 ./RTD/src/Power_Ip_CortexM7.o
 .bss           0x20400088        0x0 ./RTD/src/Power_Ip_DCM_GPR.o
 .bss           0x20400088        0x0 ./RTD/src/Power_Ip_FLASH.o
 .bss           0x20400088        0x0 ./RTD/src/Power_Ip_MC_ME.o
 .bss           0x20400088        0x0 ./RTD/src/Power_Ip_MC_RGM.o
 .bss           0x20400088        0x0 ./RTD/src/Power_Ip_MC_RGM_Irq.o
 .bss           0x20400088        0x0 ./RTD/src/Power_Ip_PMC.o
 .bss           0x20400088        0x0 ./RTD/src/Power_Ip_PMC_Irq.o
 .bss           0x20400088        0x0 ./RTD/src/Power_Ip_Private.o
 .bss           0x20400088        0x0 ./RTD/src/Pwm.o
 .bss           0x20400088        0x0 ./RTD/src/Pwm_Ipw.o
 .bss           0x20400088        0x0 ./RTD/src/Pwm_Ipw_Irq.o
 .bss           0x20400088        0x0 ./RTD/src/Ram_Ip.o
 .bss           0x20400088        0x0 ./RTD/src/SchM_Dio.o
 .bss           0x20400088        0x0 ./RTD/src/SchM_Mcl.o
 .bss           0x20400088        0x0 ./RTD/src/SchM_Mcu.o
 .bss           0x20400088        0x0 ./RTD/src/SchM_Port.o
 .bss           0x20400088        0x0 ./RTD/src/SchM_Pwm.o
 .bss           0x20400088        0x0 ./RTD/src/Siul2_Dio_Ip.o
 .bss           0x20400088        0x0 ./RTD/src/Siul2_Port_Ip.o
 .bss           0x20400088        0x0 ./RTD/src/Trgmux_Ip.o
 .bss           0x20400088        0x0 ./RTD/src/Trgmux_Ip_HwAcc.o
 .bss           0x20400088        0x0 ./RTD/src/Tspc_Port_Ip.o
 .bss           0x20400088        0x0 ./board/Siul2_Port_Ip_Cfg.o
 .bss           0x20400088        0x0 ./board/Tspc_Port_Ip_Cfg.o
 .bss           0x20400088        0x0 ./generate/src/CDD_Mcl_Cfg.o
 .bss           0x20400088        0x0 ./generate/src/CDD_Mcl_VS_0_PBcfg.o
 .bss           0x20400088        0x0 ./generate/src/Clock_Ip_Cfg.o
 .bss           0x20400088        0x0 ./generate/src/Clock_Ip_VS_0_PBcfg.o
 .bss           0x20400088        0x0 ./generate/src/Dio_Cfg.o
 .bss           0x20400088        0x0 ./generate/src/Dma_Ip_Cfg.o
 .bss           0x20400088        0x0 ./generate/src/Dma_Ip_VS_0_PBcfg.o
 .bss           0x20400088        0x0 ./generate/src/Emios_Mcl_Ip_VS_0_PBcfg.o
 .bss           0x20400088        0x0 ./generate/src/Emios_Pwm_Ip_VS_0_PBcfg.o
 .bss           0x20400088        0x0 ./generate/src/Etpu_Pwm_Ip_VS_0_PBcfg.o
 .bss           0x20400088        0x0 ./generate/src/FlexPwm_Ip_VS_0_PBcfg.o
 .bss           0x20400088        0x0 ./generate/src/Flexio_Mcl_Ip_VS_0_PBcfg.o
 .bss           0x20400088        0x0 ./generate/src/Flexio_Pwm_Ip_VS_0_PBcfg.o
 .bss           0x20400088        0x0 ./generate/src/Igf_Port_Ip_VS_0_PBcfg.o
 .bss           0x20400088        0x0 ./generate/src/Lcu_Ip_Cfg.o
 .bss           0x20400088        0x0 ./generate/src/Lcu_Ip_VS_0_PBcfg.o
 .bss           0x20400088        0x0 ./generate/src/Mcu_Cfg.o
 .bss           0x20400088        0x0 ./generate/src/Mcu_VS_0_PBcfg.o
 .bss           0x20400088        0x0 ./generate/src/OsIf_Cfg.o
 .bss           0x20400088        0x0 ./generate/src/Port_Cfg.o
 .bss           0x20400088        0x0 ./generate/src/Port_VS_0_PBcfg.o
 .bss           0x20400088        0x0 ./generate/src/Power_Ip_Cfg.o
 .bss           0x20400088        0x0 ./generate/src/Power_Ip_VS_0_PBcfg.o
 .bss           0x20400088        0x0 ./generate/src/Pwm_VS_0_PBcfg.o
 .bss           0x20400088        0x0 ./generate/src/Ram_Ip_Cfg.o
 .bss           0x20400088        0x0 ./generate/src/Ram_Ip_VS_0_PBcfg.o
 .bss           0x20400088        0x0 ./generate/src/Siul2_Port_Ip_VS_0_PBcfg.o
 .bss           0x20400088        0x0 ./generate/src/Trgmux_Ip_Cfg.o
 .bss           0x20400088        0x0 ./generate/src/Trgmux_Ip_VS_0_PBcfg.o
 .bss           0x20400088        0x0 ./generate/src/Tspc_Port_Ip_VS_0_PBcfg.o
 .bss           0x20400088        0x6 ./src/main.o
 .bss           0x2040008e        0x0 c:/nxp/s32ds.3.5/s32ds/build_tools/gcc_v10.2/gcc-10.2-arm32-eabi/bin/../lib/gcc/arm-none-eabi/10.2.0/../../../../arm-none-eabi/lib/thumb/v7e-m+fp/hard\libc_nano.a(lib_a-memmove.o)
 .bss           0x2040008e        0x0 c:/nxp/s32ds.3.5/s32ds/build_tools/gcc_v10.2/gcc-10.2-arm32-eabi/bin/../lib/gcc/arm-none-eabi/10.2.0/../../../../arm-none-eabi/lib/thumb/v7e-m+fp/hard\libc_nano.a(lib_a-memset.o)
 *(.bss*)
                0x20400090                . = ALIGN (0x10)
 *fill*         0x2040008e        0x2 
 *(.mcal_bss)
 .mcal_bss      0x20400090        0x4 ./Project_Settings/Startup_Code/system.o
                0x20400090                RESET_CATCH_CORE
 .mcal_bss      0x20400094       0x95 ./RTD/src/Clock_Ip.o
                0x20400098                Clock_Ip_FreqIds
                0x20400124                Clock_Ip_pxConfig
 *fill*         0x20400129        0x3 
 .mcal_bss      0x2040012c        0xc ./RTD/src/Clock_Ip_Monitor.o
 .mcal_bss      0x20400138        0x4 ./RTD/src/Clock_Ip_ProgFreqSwitch.o
 .mcal_bss      0x2040013c        0xc ./RTD/src/Clock_Ip_Specific.o
 .mcal_bss      0x20400148       0x90 ./RTD/src/Emios_Mcl_Ip.o
 .mcal_bss      0x204001d8       0x50 ./RTD/src/Emios_Pwm_Ip.o
                0x204001de                Emios_Pwm_Ip_aDutyCycle
                0x204001ea                Emios_Pwm_Ip_aCheckState
                0x204001f0                Emios_Pwm_Ip_aCheckEnableNotif
                0x204001f6                Emios_Pwm_Ip_aPeriod
                0x20400204                Emios_Pwm_Ip_aNotificationPtr
 .mcal_bss      0x20400228        0xa ./RTD/src/Mcu.o
 *fill*         0x20400232        0x2 
 .mcal_bss      0x20400234        0xc ./RTD/src/Power_Ip_MC_RGM.o
 .mcal_bss      0x20400240        0x8 ./RTD/src/Siul2_Port_Ip.o
                0x20400248                . = ALIGN (0x4)
                0x20400248                __sram_bss_end = .

.sram_data      0x20400248      0x150 load address 0x00410988
                0x20400248                . = ALIGN (0x4)
                0x20400248                __sram_data_begin__ = .
                0x20400248                . = ALIGN (0x4)
 *(.ramcode)
 .ramcode       0x20400248       0x98 ./RTD/src/Clock_Ip_Specific.o
                0x204002e0                . = ALIGN (0x4)
 *(.data)
 .data          0x204002e0        0x0 ./Project_Settings/Startup_Code/Vector_Table.o
 .data          0x204002e0        0x0 ./Project_Settings/Startup_Code/exceptions.o
 .data          0x204002e0        0x0 ./Project_Settings/Startup_Code/nvic.o
 .data          0x204002e0        0x0 ./Project_Settings/Startup_Code/startup.o
 .data          0x204002e0        0x0 ./Project_Settings/Startup_Code/startup_cm7.o
 .data          0x204002e0        0x0 ./Project_Settings/Startup_Code/system.o
 .data          0x204002e0        0x0 ./RTD/src/CDD_Mcl.o
 .data          0x204002e0        0x0 ./RTD/src/CDD_Mcl_Ipw.o
 .data          0x204002e0        0x0 ./RTD/src/Cache_Ip.o
 .data          0x204002e0        0x0 ./RTD/src/Cache_Ip_HwAcc_ArmCoreMx.o
 .data          0x204002e0        0x4 ./RTD/src/Clock_Ip.o
 .data          0x204002e4        0x0 ./RTD/src/Clock_Ip_Data.o
 .data          0x204002e4        0x0 ./RTD/src/Clock_Ip_Divider.o
 .data          0x204002e4        0x0 ./RTD/src/Clock_Ip_DividerTrigger.o
 .data          0x204002e4        0x0 ./RTD/src/Clock_Ip_ExtOsc.o
 .data          0x204002e4        0x0 ./RTD/src/Clock_Ip_FracDiv.o
 .data          0x204002e4        0x0 ./RTD/src/Clock_Ip_Frequency.o
 .data          0x204002e4        0x0 ./RTD/src/Clock_Ip_Gate.o
 .data          0x204002e4        0x0 ./RTD/src/Clock_Ip_IntOsc.o
 .data          0x204002e4        0x0 ./RTD/src/Clock_Ip_Irq.o
 .data          0x204002e4        0x0 ./RTD/src/Clock_Ip_Monitor.o
 .data          0x204002e4        0x0 ./RTD/src/Clock_Ip_Pll.o
 .data          0x204002e4        0x0 ./RTD/src/Clock_Ip_ProgFreqSwitch.o
 .data          0x204002e4        0x0 ./RTD/src/Clock_Ip_Selector.o
 .data          0x204002e4        0x0 ./RTD/src/Clock_Ip_Specific.o
 .data          0x204002e4        0x0 ./RTD/src/Dem.o
 .data          0x204002e4        0x0 ./RTD/src/Dem_stub.o
 .data          0x204002e4        0x0 ./RTD/src/Det.o
 .data          0x204002e4        0x0 ./RTD/src/Det_stub.o
 .data          0x204002e4        0x0 ./RTD/src/Dio.o
 .data          0x204002e4        0x0 ./RTD/src/Dio_Ipw.o
 .data          0x204002e4        0x0 ./RTD/src/Dma_Ip.o
 .data          0x204002e4        0x0 ./RTD/src/Dma_Ip_Driver_State.o
 .data          0x204002e4        0x0 ./RTD/src/Dma_Ip_Hw_Access.o
 .data          0x204002e4        0x0 ./RTD/src/Dma_Ip_Irq.o
 .data          0x204002e4        0x0 ./RTD/src/Dma_Ip_Multicore.o
 .data          0x204002e4        0xc ./RTD/src/Emios_Mcl_Ip.o
                0x204002e4                Emios_Ip_paxBase
 .data          0x204002f0        0x0 ./RTD/src/Emios_Mcl_Ip_Irq.o
 .data          0x204002f0        0x0 ./RTD/src/Emios_Pwm_Ip.o
 .data          0x204002f0        0x0 ./RTD/src/Emios_Pwm_Ip_Irq.o
 .data          0x204002f0        0x0 ./RTD/src/Etpu_Pwm_Ip.o
 .data          0x204002f0        0x0 ./RTD/src/Etpu_Pwm_Ip_Irq.o
 .data          0x204002f0        0x0 ./RTD/src/FlexPwm_Ip.o
 .data          0x204002f0        0x0 ./RTD/src/FlexPwm_Ip_Irq.o
 .data          0x204002f0        0x0 ./RTD/src/Flexio_Mcl_Ip.o
 .data          0x204002f0        0x0 ./RTD/src/Flexio_Mcl_Ip_HwAccess.o
 .data          0x204002f0        0x0 ./RTD/src/Flexio_Mcl_Ip_Irq.o
 .data          0x204002f0        0x0 ./RTD/src/Flexio_Pwm_Ip.o
 .data          0x204002f0        0x0 ./RTD/src/Flexio_Pwm_Ip_Irq.o
 .data          0x204002f0        0x0 ./RTD/src/Igf_Port_Ip.o
 .data          0x204002f0        0x0 ./RTD/src/Lcu_Ip.o
 .data          0x204002f0        0x0 ./RTD/src/Lcu_Ip_Hw_Access.o
 .data          0x204002f0        0x0 ./RTD/src/Lcu_Ip_Irq.o
 .data          0x204002f0        0x0 ./RTD/src/Lcu_Ip_Multicore.o
 .data          0x204002f0        0x0 ./RTD/src/Mcu.o
 .data          0x204002f0        0x0 ./RTD/src/Mcu_Dem_Wrapper.o
 .data          0x204002f0        0x0 ./RTD/src/Mcu_Ipw.o
 .data          0x204002f0        0x0 ./RTD/src/OsIf_Interrupts.o
 .data          0x204002f0        0x0 ./RTD/src/OsIf_Timer.o
 .data          0x204002f0        0x0 ./RTD/src/OsIf_Timer_System.o
 .data          0x204002f0        0x0 ./RTD/src/OsIf_Timer_System_Internal_Systick.o
 .data          0x204002f0        0x0 ./RTD/src/Osif_Software_Semaphore.o
 .data          0x204002f0        0x0 ./RTD/src/Port.o
 .data          0x204002f0        0x0 ./RTD/src/Port_Ipw.o
 .data          0x204002f0        0x0 ./RTD/src/Power_Ip.o
 .data          0x204002f0        0x0 ./RTD/src/Power_Ip_AEC.o
 .data          0x204002f0        0x0 ./RTD/src/Power_Ip_CortexM7.o
 .data          0x204002f0        0x0 ./RTD/src/Power_Ip_DCM_GPR.o
 .data          0x204002f0        0x0 ./RTD/src/Power_Ip_FLASH.o
 .data          0x204002f0        0x0 ./RTD/src/Power_Ip_MC_ME.o
 .data          0x204002f0        0x0 ./RTD/src/Power_Ip_MC_RGM.o
 .data          0x204002f0        0x0 ./RTD/src/Power_Ip_MC_RGM_Irq.o
 .data          0x204002f0        0x0 ./RTD/src/Power_Ip_PMC.o
 .data          0x204002f0        0x0 ./RTD/src/Power_Ip_PMC_Irq.o
 .data          0x204002f0        0x0 ./RTD/src/Power_Ip_Private.o
 .data          0x204002f0        0x0 ./RTD/src/Pwm.o
 .data          0x204002f0        0x0 ./RTD/src/Pwm_Ipw.o
 .data          0x204002f0        0x0 ./RTD/src/Pwm_Ipw_Irq.o
 .data          0x204002f0        0x0 ./RTD/src/Ram_Ip.o
 .data          0x204002f0        0x0 ./RTD/src/SchM_Dio.o
 .data          0x204002f0        0x0 ./RTD/src/SchM_Mcl.o
 .data          0x204002f0        0x0 ./RTD/src/SchM_Mcu.o
 .data          0x204002f0        0x0 ./RTD/src/SchM_Port.o
 .data          0x204002f0        0x0 ./RTD/src/SchM_Pwm.o
 .data          0x204002f0        0x0 ./RTD/src/Siul2_Dio_Ip.o
 .data          0x204002f0        0x0 ./RTD/src/Siul2_Port_Ip.o
 .data          0x204002f0        0x0 ./RTD/src/Trgmux_Ip.o
 .data          0x204002f0        0x0 ./RTD/src/Trgmux_Ip_HwAcc.o
 .data          0x204002f0        0x0 ./RTD/src/Tspc_Port_Ip.o
 .data          0x204002f0        0x0 ./board/Siul2_Port_Ip_Cfg.o
 .data          0x204002f0        0x0 ./board/Tspc_Port_Ip_Cfg.o
 .data          0x204002f0        0x0 ./generate/src/CDD_Mcl_Cfg.o
 .data          0x204002f0        0x0 ./generate/src/CDD_Mcl_VS_0_PBcfg.o
 .data          0x204002f0        0x0 ./generate/src/Clock_Ip_Cfg.o
 .data          0x204002f0        0x0 ./generate/src/Clock_Ip_VS_0_PBcfg.o
 .data          0x204002f0        0x0 ./generate/src/Dio_Cfg.o
 .data          0x204002f0        0x0 ./generate/src/Dma_Ip_Cfg.o
 .data          0x204002f0        0x0 ./generate/src/Dma_Ip_VS_0_PBcfg.o
 .data          0x204002f0        0x0 ./generate/src/Emios_Mcl_Ip_VS_0_PBcfg.o
 .data          0x204002f0        0x0 ./generate/src/Emios_Pwm_Ip_VS_0_PBcfg.o
 .data          0x204002f0        0x0 ./generate/src/Etpu_Pwm_Ip_VS_0_PBcfg.o
 .data          0x204002f0        0x0 ./generate/src/FlexPwm_Ip_VS_0_PBcfg.o
 .data          0x204002f0        0x0 ./generate/src/Flexio_Mcl_Ip_VS_0_PBcfg.o
 .data          0x204002f0        0x0 ./generate/src/Flexio_Pwm_Ip_VS_0_PBcfg.o
 .data          0x204002f0        0x0 ./generate/src/Igf_Port_Ip_VS_0_PBcfg.o
 .data          0x204002f0        0x0 ./generate/src/Lcu_Ip_Cfg.o
 .data          0x204002f0        0x0 ./generate/src/Lcu_Ip_VS_0_PBcfg.o
 .data          0x204002f0        0x0 ./generate/src/Mcu_Cfg.o
 .data          0x204002f0        0x0 ./generate/src/Mcu_VS_0_PBcfg.o
 .data          0x204002f0        0x0 ./generate/src/OsIf_Cfg.o
 .data          0x204002f0        0x0 ./generate/src/Port_Cfg.o
 .data          0x204002f0        0x0 ./generate/src/Port_VS_0_PBcfg.o
 .data          0x204002f0        0x0 ./generate/src/Power_Ip_Cfg.o
 .data          0x204002f0        0x0 ./generate/src/Power_Ip_VS_0_PBcfg.o
 .data          0x204002f0        0x0 ./generate/src/Pwm_VS_0_PBcfg.o
 .data          0x204002f0        0x0 ./generate/src/Ram_Ip_Cfg.o
 .data          0x204002f0        0x0 ./generate/src/Ram_Ip_VS_0_PBcfg.o
 .data          0x204002f0        0x0 ./generate/src/Siul2_Port_Ip_VS_0_PBcfg.o
 .data          0x204002f0        0x0 ./generate/src/Trgmux_Ip_Cfg.o
 .data          0x204002f0        0x0 ./generate/src/Trgmux_Ip_VS_0_PBcfg.o
 .data          0x204002f0        0x0 ./generate/src/Tspc_Port_Ip_VS_0_PBcfg.o
 .data          0x204002f0        0x4 ./src/main.o
 .data          0x204002f4        0x0 c:/nxp/s32ds.3.5/s32ds/build_tools/gcc_v10.2/gcc-10.2-arm32-eabi/bin/../lib/gcc/arm-none-eabi/10.2.0/../../../../arm-none-eabi/lib/thumb/v7e-m+fp/hard\libc_nano.a(lib_a-memmove.o)
 .data          0x204002f4        0x0 c:/nxp/s32ds.3.5/s32ds/build_tools/gcc_v10.2/gcc-10.2-arm32-eabi/bin/../lib/gcc/arm-none-eabi/10.2.0/../../../../arm-none-eabi/lib/thumb/v7e-m+fp/hard\libc_nano.a(lib_a-memset.o)
 *(.data*)
                0x204002f4                . = ALIGN (0x4)
 *(.mcal_data)
 .mcal_data     0x204002f4       0x78 ./RTD/src/Emios_Pwm_Ip.o
                0x2040030c                eMios_Pwm_Ip_IndexInChState
                0x20400354                Emios_Pwm_Ip_aCurrentModes
 .mcal_data     0x2040036c        0x4 ./RTD/src/Mcu.o
 .mcal_data     0x20400370        0x4 ./RTD/src/Power_Ip.o
                0x20400370                Power_Ip_pfReportErrorsCallback
 .mcal_data     0x20400374       0x20 ./RTD/src/Pwm.o
 .mcal_data     0x20400394        0x4 ./RTD/src/Siul2_Dio_Ip.o
                0x20400394                Siul2_Dio_Ip_au32BaseAdresses
                0x20400398                . = ALIGN (0x4)
                0x20400398                __sram_data_end__ = .
                0x00410ad8                __sram_data_rom_end = (__sram_data_rom + (__sram_data_end__ - __sram_data_begin__))

.heap           0x20400398     0x2000 load address 0x00410ad8
                0x00000000                . = (. + ALIGN (0x4))
                0x20400398                _end = .
                0x20400398                end = .
                0x20400398                _heap_start = .
                0x00002000                . = (. + HEAP_SIZE)
 *fill*         0x20400398     0x2000 
                0x20402398                _heap_end = .

.acfls_code_ram
                0x2042ff00        0x0
                0x2042ff00                __acfls_code_ram_start = .
 *(.acfls_code_ram)
                0x2042ff00                __acfls_code_ram_end = .
                0x2042ff00                __acmem_43_infls_code_ram_start = .
 *(.acmem_43_infls_code_ram)
                0x2042ff00                __acmem_43_infls_code_ram_end = .
                0x00410ad8                __non_cacheable_data_rom = __sram_data_rom_end

.non_cacheable_data
                0x20430000        0x4 load address 0x00410ad8
                0x20430000                . = ALIGN (0x4)
                0x20430000                __non_cacheable_data_start__ = .
 *(.mcal_data_no_cacheable)
                0x20430000                . = ALIGN (0x4)
 *(.mcal_const_no_cacheable)